02-12 03:33:40.195  1712  1887 I SystemConfig: Reading permissions from /vendor/etc/permissions/android.hardware.strongbox_keystore.xml
02-12 03:33:40.198  1712  1887 I SystemConfig: Reading permissions from /vendor/etc/permissions/android.hardware.touchscreen.multitouch.jazzhand.xml
02-12 03:33:40.201  1712  1887 I SystemConfig: Reading permissions from /vendor/etc/permissions/android.hardware.opengles.aep.xml
02-12 03:33:40.203  1712  1887 I SystemConfig: Reading permissions from /vendor/etc/permissions/android.hardware.audio.pro.xml
02-12 03:33:40.206  1712  1887 I SystemConfig: Reading permissions from /vendor/etc/permissions/android.hardware.nfc.hcef.xml
02-12 03:33:40.211  1712  1887 I SystemConfig: Reading permissions from /vendor/etc/permissions/android.hardware.wifi.passpoint.xml
02-12 03:33:40.214  1712  1887 I SystemConfig: Reading permissions from /vendor/etc/permissions/android.software.sip.voip.xml
02-12 03:33:40.216  1712  1887 I SystemConfig: Reading permissions from /vendor/etc/permissions/android.hardware.bluetooth.xml
02-12 03:33:40.219  1712  1887 I SystemConfig: Reading permissions from /vendor/etc/permissions/android.hardware.nfc.ese.xml
02-12 03:33:40.222  1712  1887 I SystemConfig: Reading permissions from /vendor/etc/permissions/android.hardware.nfc.hce.xml
02-12 03:33:40.224  1712  1887 I SystemConfig: Reading permissions from /vendor/etc/permissions/android.hardware.identity_credential.xml
02-12 03:33:40.230  1712  1887 I SystemConfig: Reading permissions from /vendor/etc/permissions/android.hardware.wifi.aware.xml
02-12 03:33:40.232  1712  1887 I SystemConfig: Reading permissions from /vendor/etc/permissions/android.hardware.sensor.proximity.xml
02-12 03:33:40.237  1712  1887 I SystemConfig: Reading permissions from /product/etc/sysconfig/preinstalled-packages-platform-handheld-product.xml
02-12 03:33:40.239  1712  1887 I SystemConfig: Reading permissions from /product/etc/sysconfig/preinstalled-packages-platform-aosp-product.xml
02-12 03:33:40.241  1712  1887 I SystemConfig: Reading permissions from /product/etc/sysconfig/preinstalled-packages-platform-overlays.xml
02-12 03:33:40.246  1712  1887 I SystemConfig: Reading permissions from /product/etc/permissions/com.android.imsserviceentitlement.xml
02-12 03:33:40.249  1712  1887 I SystemConfig: Reading permissions from /product/etc/permissions/com.android.settings.intelligence.xml
02-12 03:33:40.252  1712  1887 I SystemConfig: Reading permissions from /product/etc/permissions/com.android.contacts.xml
02-12 03:33:40.256  1712  1887 I SystemConfig: Reading permissions from /product/etc/permissions/com.android.dialer.xml
02-12 03:33:40.258  1712  1887 W SystemConfig: No directory /system_ext/etc/sysconfig, skipping
02-12 03:33:40.260  1712  1887 I SystemConfig: Reading permissions from /system_ext/etc/permissions/org_codeaurora_ims.xml
02-12 03:33:40.263  1712  1887 I SystemConfig: Reading permissions from /system_ext/etc/permissions/com.qualcomm.qcrilmsgtunnel.xml
02-12 03:33:40.266  1712  1887 I SystemConfig: Reading permissions from /system_ext/etc/permissions/com.android.storagemanager.xml
02-12 03:33:40.268  1712  1887 I SystemConfig: Reading permissions from /system_ext/etc/permissions/com.android.systemui.xml
02-12 03:33:40.271  1712  1887 I SystemConfig: Reading permissions from /system_ext/etc/permissions/com.android.provision.xml
02-12 03:33:40.273  1712  1887 I SystemConfig: Reading permissions from /system_ext/etc/permissions/com.android.emergency.xml
02-12 03:33:40.276  1712  1887 I SystemConfig: Reading permissions from /system_ext/etc/permissions/com.android.launcher3.xml
02-12 03:33:40.278  1712  1887 I SystemConfig: Reading permissions from /system_ext/etc/permissions/qti_telephony_hidl_wrapper.xml
02-12 03:33:40.284  1712  1887 I SystemConfig: Reading permissions from /system_ext/etc/permissions/qcrilhook.xml
02-12 03:33:40.287  1712  1887 I SystemConfig: Reading permissions from /system_ext/etc/permissions/com.android.settings.xml
02-12 03:33:40.289  1712  1887 I SystemConfig: Reading permissions from /system_ext/etc/permissions/privapp_whitelist_org.lineageos.updater.xml
02-12 03:33:40.292  1712  1887 I SystemConfig: Reading permissions from /system_ext/etc/permissions/com.android.carrierconfig.xml
02-12 03:33:40.294  1712  1887 I SystemConfig: Reading permissions from /system_ext/etc/permissions/qti_telephony_utils.xml
02-12 03:33:40.298  1712  1887 I SystemConfig: Reading permissions from /apex/com.android.ipsec/etc/permissions/android.net.ipsec.ike.xml
02-12 03:33:40.305  1712  1887 I SystemConfig: Reading permissions from /apex/com.android.mediaprovider/etc/permissions/privapp_allowlist_com.android.providers.media.module.xml
02-12 03:33:40.310  1712  1887 I SystemConfig: Reading permissions from /apex/com.android.extservices/etc/permissions/privapp_allowlist_android.ext.services.xml
02-12 03:33:40.315  1712  1887 I SystemConfig: Reading permissions from /apex/com.android.adservices/etc/permissions/privapp_allowlist_com.android.adservices.api.xml
02-12 03:33:40.319  1712  1887 I SystemConfig: Reading permissions from /apex/com.android.cellbroadcast/etc/permissions/privapp_allowlist_com.android.cellbroadcastreceiver.module.xml
02-12 03:33:40.321  1712  1887 I SystemConfig: Reading permissions from /apex/com.android.cellbroadcast/etc/permissions/privapp_allowlist_com.android.cellbroadcastservice.xml
02-12 03:33:40.325  1712  1887 I SystemConfig: Reading permissions from /apex/com.android.permission/etc/permissions/privapp_allowlist_com.android.permissioncontroller.xml
02-12 03:33:40.330  1712  1887 I SystemConfig: Reading permissions from /apex/com.android.tethering/etc/permissions/permissions.xml
02-12 03:33:40.335  1712  1887 I SystemConfig: Reading permissions from /apex/com.android.btservices/etc/permissions/privapp_allowlist_com.android.bluetooth.xml
02-12 03:33:40.340  1712  1887 V SystemConfig: readAllPermissions took to complete: 393ms
02-12 03:33:40.340  1712  1887 D SystemServerInitThreadPool: Finished executing ReadingSystemConfig
02-12 03:33:40.340  1712  1887 V SystemServerTimingAsync: InitThreadPoolExec:ReadingSystemConfig took to complete: 393ms
02-12 03:33:40.370  1712  1712 W PowerProfile: ambient.on is deprecated! Use ambient.on.display0 instead.
02-12 03:33:40.370  1712  1712 W PowerProfile: screen.on is deprecated! Use screen.on.display0 instead.
02-12 03:33:40.370  1712  1712 W PowerProfile: screen.full is deprecated! Use screen.full.display0 instead.
02-12 03:33:40.371  1712  1712 W ModemPowerProfile: getAverageBatteryDrainMaH called with unexpected key: 0x0, drain:0,RAT:DEFAULT
02-12 03:33:40.371  1712  1712 W ModemPowerProfile: getAverageBatteryDrainMaH called with unexpected key: 0x10000000, drain:IDLE,RAT:DEFAULT
02-12 03:33:40.371  1712  1712 W ModemPowerProfile: getAverageBatteryDrainMaH called with unexpected key: 0x20000000, drain:RX,RAT:DEFAULT
02-12 03:33:40.371  1712  1712 W ModemPowerProfile: getAverageBatteryDrainMaH called with unexpected key: 0x30000000, drain:TX,level:UNKNOWN(0x0)RAT:DEFAULT
02-12 03:33:40.371  1712  1712 W ModemPowerProfile: getAverageBatteryDrainMaH called with unexpected key: 0x31000000, drain:TX,level:UNKNOWN(0x1000000)RAT:DEFAULT
02-12 03:33:40.371  1712  1712 W ModemPowerProfile: getAverageBatteryDrainMaH called with unexpected key: 0x32000000, drain:TX,level:UNKNOWN(0x2000000)RAT:DEFAULT
02-12 03:33:40.371  1712  1712 W ModemPowerProfile: getAverageBatteryDrainMaH called with unexpected key: 0x33000000, drain:TX,level:UNKNOWN(0x3000000)RAT:DEFAULT
02-12 03:33:40.371  1712  1712 W ModemPowerProfile: getAverageBatteryDrainMaH called with unexpected key: 0x34000000, drain:TX,level:UNKNOWN(0x4000000)RAT:DEFAULT
02-12 03:33:40.383  1712  1712 D BatteryStatsImpl: Reading daily items from /data/system/batterystats-daily.xml
02-12 03:33:40.389  1712  1712 I KernelCpuUidFreqTimeReader: mPerClusterTimesAvailable=true
02-12 03:33:40.464  1712  1934 W KernelMemoryBandwidthStats: No kernel memory bandwidth stats available
02-12 03:33:40.525  1712  1712 I IntentFirewall: Read new rules (A:0 B:0 S:0)
02-12 03:33:40.531  1712  1712 D OomAdjuster: Not killing cached processes
02-12 03:33:40.534  1712  1712 D AppOps  : AppOpsService published
02-12 03:33:40.536  1712  1712 V SystemServerTiming: StartActivityManager took to complete: 438ms
02-12 03:33:40.536  1712  1712 D SystemServerTiming: StartDataLoaderManagerService
02-12 03:33:40.536  1712  1712 I SystemServiceManager: Starting com.android.server.pm.DataLoaderManagerService
02-12 03:33:40.538  1712  1712 V SystemServerTiming: StartDataLoaderManagerService took to complete: 2ms
02-12 03:33:40.538  1712  1712 D SystemServerTiming: StartIncrementalService
02-12 03:33:40.541  1712  1712 V SystemServerTiming: StartIncrementalService took to complete: 3ms
02-12 03:33:40.541  1712  1712 D SystemServerTiming: StartPowerManager
02-12 03:33:40.541  1712  1712 I SystemServiceManager: Starting com.android.server.power.PowerManagerService
02-12 03:33:40.549  1712  1712 V SystemServerTiming: StartPowerManager took to complete: 8ms
02-12 03:33:40.549  1712  1712 D SystemServerTiming: StartThermalManager
02-12 03:33:40.549  1712  1712 I SystemServiceManager: Starting com.android.server.power.ThermalManagerService
02-12 03:33:40.549  1712  1712 V SystemServerTiming: StartThermalManager took to complete: 0ms
02-12 03:33:40.549  1712  1712 D SystemServerTiming: StartHintManager
02-12 03:33:40.549  1712  1712 I SystemServiceManager: Starting com.android.server.power.hint.HintManagerService
02-12 03:33:40.550  1712  1712 V SystemServerTiming: StartHintManager took to complete: 1ms
02-12 03:33:40.550  1712  1712 D SystemServerTiming: InitPowerManagement
02-12 03:33:40.550  1712  1712 V SystemServerTiming: InitPowerManagement took to complete: 1ms
02-12 03:33:40.550  1712  1712 D SystemServerTiming: StartRecoverySystemService
02-12 03:33:40.550  1712  1712 I SystemServiceManager: Starting com.android.server.recoverysystem.RecoverySystemService$Lifecycle
02-12 03:33:40.551  1712  1712 V SystemServerTiming: StartRecoverySystemService took to complete: 1ms
02-12 03:33:40.552  1712  1712 I PackageWatchdog: Syncing state, reason: added new observer
02-12 03:33:40.552  1712  1712 I PackageWatchdog: Not pruning observers, elapsed time: 0ms
02-12 03:33:40.552  1712  1712 I PackageWatchdog: Cancelling state sync, nothing to sync
02-12 03:33:40.552  1712  1896 I PackageWatchdog: Saving observer state to file
02-12 03:33:40.553  1712  1712 D SystemServerTiming: StartLightsService
02-12 03:33:40.553  1712  1712 I SystemServiceManager: Starting com.android.server.lights.LightsService
02-12 03:33:40.555  1712  1712 V SystemServerTiming: StartLightsService took to complete: 2ms
02-12 03:33:40.555  1712  1712 D SystemServerTiming: StartDisplayOffloadService
02-12 03:33:40.555  1712  1712 V SystemServerTiming: StartDisplayOffloadService took to complete: 0ms
02-12 03:33:40.555  1712  1712 D SystemServerTiming: StartSidekickService
02-12 03:33:40.555  1712  1712 V SystemServerTiming: StartSidekickService took to complete: 0ms
02-12 03:33:40.555  1712  1712 D SystemServerTiming: StartDisplayManager
02-12 03:33:40.555  1712  1712 I SystemServiceManager: Starting com.android.server.display.DisplayManagerService
02-12 03:33:40.563  1712  1712 V SystemServerTiming: StartDisplayManager took to complete: 8ms
02-12 03:33:40.563  1712  1712 D SystemServerTiming: WaitForDisplay
02-12 03:33:40.563  1712  1712 I SystemServiceManager: Starting phase 100
02-12 03:33:40.563  1712  1712 D SystemServerTiming: OnBootPhase_100
02-12 03:33:40.563  1712  1712 D SystemServerTiming: OnBootPhase_100_com.android.server.security.FileIntegrityService
02-12 03:33:40.563  1712  1712 V SystemServerTiming: OnBootPhase_100_com.android.server.security.FileIntegrityService took to complete: 0ms
02-12 03:33:40.563  1712  1712 D SystemServerTiming: OnBootPhase_100_com.android.server.pm.Installer
02-12 03:33:40.563  1712  1712 V SystemServerTiming: OnBootPhase_100_com.android.server.pm.Installer took to complete: 0ms
02-12 03:33:40.563  1712  1712 D SystemServerTiming: OnBootPhase_100_com.android.server.os.DeviceIdentifiersPolicyService
02-12 03:33:40.563  1712  1712 V SystemServerTiming: OnBootPhase_100_com.android.server.os.DeviceIdentifiersPolicyService took to complete: 0ms
02-12 03:33:40.563  1712  1712 D SystemServerTiming: OnBootPhase_100_com.android.server.uri.UriGrantsManagerService$Lifecycle
02-12 03:33:40.563  1712  1712 V SystemServerTiming: OnBootPhase_100_com.android.server.uri.UriGrantsManagerService$Lifecycle took to complete: 0ms
02-12 03:33:40.563  1712  1712 D SystemServerTiming: OnBootPhase_100_com.android.server.powerstats.PowerStatsService
02-12 03:33:40.563  1712  1712 V SystemServerTiming: OnBootPhase_100_com.android.server.powerstats.PowerStatsService took to complete: 0ms
02-12 03:33:40.563  1712  1712 D SystemServerTiming: OnBootPhase_100_com.android.server.wm.ActivityTaskManagerService$Lifecycle
02-12 03:33:40.563  1712  1712 V SystemServerTiming: OnBootPhase_100_com.android.server.wm.ActivityTaskManagerService$Lifecycle took to complete: 0ms
02-12 03:33:40.563  1712  1712 D SystemServerTiming: OnBootPhase_100_com.android.server.am.ActivityManagerService$Lifecycle
02-12 03:33:40.563  1712  1712 V SystemServerTiming: OnBootPhase_100_com.android.server.am.ActivityManagerService$Lifecycle took to complete: 0ms
02-12 03:33:40.563  1712  1712 D SystemServerTiming: OnBootPhase_100_com.android.server.pm.DataLoaderManagerService
02-12 03:33:40.563  1712  1712 V SystemServerTiming: OnBootPhase_100_com.android.server.pm.DataLoaderManagerService took to complete: 0ms
02-12 03:33:40.563  1712  1712 D SystemServerTiming: OnBootPhase_100_com.android.server.power.PowerManagerService
02-12 03:33:40.563  1712  1712 V SystemServerTiming: OnBootPhase_100_com.android.server.power.PowerManagerService took to complete: 0ms
02-12 03:33:40.563  1712  1712 D SystemServerTiming: OnBootPhase_100_com.android.server.power.ThermalManagerService
02-12 03:33:40.563  1712  1712 V SystemServerTiming: OnBootPhase_100_com.android.server.power.ThermalManagerService took to complete: 0ms
02-12 03:33:40.564  1712  1712 D SystemServerTiming: OnBootPhase_100_com.android.server.power.hint.HintManagerService
02-12 03:33:40.564  1712  1712 V SystemServerTiming: OnBootPhase_100_com.android.server.power.hint.HintManagerService took to complete: 0ms
02-12 03:33:40.564  1712  1712 D SystemServerTiming: OnBootPhase_100_com.android.server.recoverysystem.RecoverySystemService$Lifecycle
02-12 03:33:40.564  1712  1712 V SystemServerTiming: OnBootPhase_100_com.android.server.recoverysystem.RecoverySystemService$Lifecycle took to complete: 0ms
02-12 03:33:40.564  1712  1712 D SystemServerTiming: OnBootPhase_100_com.android.server.lights.LightsService
02-12 03:33:40.564  1712  1712 V SystemServerTiming: OnBootPhase_100_com.android.server.lights.LightsService took to complete: 0ms
02-12 03:33:40.564  1712  1712 D SystemServerTiming: OnBootPhase_100_com.android.server.display.DisplayManagerService
02-12 03:33:40.568  1712  1883 E LocalDisplayAdapter: Can't find display mode with id -1
02-12 03:33:40.568  1712  1883 W LocalDisplayAdapter: DisplayModeSpecs base mode no longer available, using currently active mode.
02-12 03:33:40.572  1712  1883 I DisplayDeviceConfig: no thermal throttling config found
02-12 03:33:40.584  1712  1883 I DisplayDeviceRepository: Display device added: DisplayDeviceInfo{"Built-in Screen": uniqueId="local:4630946475097398401", 1080 x 2340, modeId 1, defaultModeId 1, supportedModes [{id=1, width=1080, height=2340, fps=60.000004, alternativeRefreshRates=[]}], colorMode 0, supportedColorModes [0, 7, 9], hdrCapabilities HdrCapabilities{mSupportedHdrTypes=[2, 3], mMaxLuminance=500.0, mMaxAverageLuminance=500.0, mMinLuminance=0.0}, allmSupported false, gameContentTypeSupported false, density 440, 442.451 x 443.552 dpi, appVsyncOff 2333332, presDeadline 11500000, cutout DisplayCutout{insets=Rect(0, 136 - 0, 0) waterfall=Insets{left=0, top=0, right=0, bottom=0} boundingRect={Bounds=[Rect(0, 0 - 0, 0), Rect(0, 0 - 136, 136), Rect(0, 0 - 0, 0), Rect(0, 0 - 0, 0)]} cutoutPathParserInfo={CutoutPathParserInfo{displayWidth=1080 displayHeight=2340 physicalDisplayWidth=1080 physicalDisplayHeight=2340 density={2.75} cutoutSpec={M 40,83 a 42.75,42.75 0 1 0 85.5,0 42.75,42.75 0 1 0 -85.5,0 Z @left} rotation={0} scale={1.0} physicalPixelDisplaySizeRatio={1.0}}}}, touch INTERNAL, rotation 0, type INTERNAL, address {port=129, model=0x40446d4886071c}, deviceProductInfo DeviceProductInfo{name=, manufacturerPnpId=QCM, productId=1, modelYear=null, manufactureDate=ManufactureDate{week=27, year=2006}, connectionToSinkType=0}, state UNKNOWN, committedState UNKNOWN, frameRateOverride , brightnessMinimum 0.0, brightnessMaximum 1.0, brightnessDefault 0.31889763, roundedCorners RoundedCorners{[RoundedCorner{position=TopLeft, radius=102, center=Point(102, 102)}, RoundedCorner{position=TopRight, radius=102, center=Point(978, 102)}, RoundedCorner{position=BottomRight, radius=102, center=Point(978, 2238)}, RoundedCorner{position=BottomLeft, radius=102, center=Point(102, 2238)}]}, FLAG_ALLOWED_TO_BE_DEFAULT_DISPLAY, FLAG_ROTATES_WITH_CONTENT, FLAG_SECURE, FLAG_SUPPORTS_PROTECTED_BUFFERS, installOrientation 0}
02-12 03:33:40.586  1712  1883 I LogicalDisplayMapper: Applying layout: [{addr: {port=129, model=0x40446d4886071c}, dispId: 0(ON)}], Previous layout: null
02-12 03:33:40.593  1712  1883 I LogicalDisplayMapper: Adding new display: 0: DisplayInfo{"Built-in Screen", displayId 0", displayGroupId -1, FLAG_SECURE, FLAG_SUPPORTS_PROTECTED_BUFFERS, FLAG_TRUSTED, real 1080 x 2340, largest app 1080 x 2340, smallest app 1080 x 2340, appVsyncOff 2333332, presDeadline 11500000, mode 1, defaultMode 1, modes [{id=1, width=1080, height=2340, fps=60.000004, alternativeRefreshRates=[]}], hdrCapabilities HdrCapabilities{mSupportedHdrTypes=[2, 3], mMaxLuminance=500.0, mMaxAverageLuminance=500.0, mMinLuminance=0.0}, userDisabledHdrTypes [], minimalPostProcessingSupported false, rotation 0, state UNKNOWN, committedState UNKNOWN, type INTERNAL, uniqueId "local:4630946475097398401", app 1080 x 2340, density 440 (442.451 x 443.552) dpi, layerStack 0, colorMode 0, supportedColorModes [0, 7, 9], address {port=129, model=0x40446d4886071c}, deviceProductInfo DeviceProductInfo{name=, manufacturerPnpId=QCM, productId=1, modelYear=null, manufactureDate=ManufactureDate{week=27, year=2006}, connectionToSinkType=0}, removeMode 0, refreshRateOverride 0.0, brightnessMinimum 0.0, brightnessMaximum 1.0, brightnessDefault 0.31889763, installOrientation ROTATION_0}
02-12 03:33:40.595  1712  1883 I LogicalDisplayMapper: Setting new display group 0 for display 0, from previous group: null
02-12 03:33:40.595  1712  1883 W android.permission.PermissionManager: Missing ActivityManager; assuming 1000 holds android.permission.READ_DEVICE_CONFIG
02-12 03:33:40.603  1712  1712 V SystemServerTiming: OnBootPhase_100_com.android.server.display.DisplayManagerService took to complete: 39ms
02-12 03:33:40.603  1712  1712 V SystemServerTiming: OnBootPhase_100 took to complete: 41ms
02-12 03:33:40.603  1712  1712 V SystemServerTiming: WaitForDisplay took to complete: 41ms
02-12 03:33:40.604  1712  1712 D SystemServerTiming: StartDomainVerificationService
02-12 03:33:40.608  1712  1712 V SystemServerTiming: StartDomainVerificationService took to complete: 4ms
02-12 03:33:40.608  1712  1712 D SystemServerTiming: StartPackageManagerService
02-12 03:33:40.608  1712  1712 I Watchdog: Pausing HandlerChecker: main thread for reason: packagemanagermain. Pause count: 1
02-12 03:33:40.611  1712  1712 D PackageManagerTiming: create package manager
02-12 03:33:40.618  1712  1712 D PackageManagerTiming: createSubComponents
02-12 03:33:40.635  1712  1954 W ProcessCpuTracker: Failed to stat(/proc/1950): android.system.ErrnoException: stat failed: ENOENT (No such file or directory)
02-12 03:33:40.635  1712  1954 W ProcessCpuTracker: Skipping unknown process pid 1950
02-12 03:33:40.635  1712  1954 W ProcessCpuTracker: Failed to stat(/proc/1952): android.system.ErrnoException: stat failed: ENOENT (No such file or directory)
02-12 03:33:40.635  1712  1954 W ProcessCpuTracker: Skipping unknown process pid 1952
02-12 03:33:40.644  1712  1712 V PackageManagerTiming: createSubComponents took to complete: 27ms
02-12 03:33:40.645  1712  1712 D PackageManagerTiming: addSharedUsers
02-12 03:33:40.645  1712  1712 V PackageManagerTiming: addSharedUsers took to complete: 0ms
02-12 03:33:40.646  1712  1712 W BackgroundDexOptService: SysProp pm.dexopt.downgrade_after_inactive_days not set
02-12 03:33:40.647  1712  1712 D PackageManagerTiming: get system config
02-12 03:33:40.647  1712  1712 V PackageManagerTiming: get system config took to complete: 0ms
02-12 03:33:40.651  1712  1712 D SELinuxMMAC: Using policy file /system/etc/selinux/plat_mac_permissions.xml
02-12 03:33:40.655  1712  1712 D SELinuxMMAC: Using policy file /system_ext/etc/selinux/system_ext_mac_permissions.xml
02-12 03:33:40.656  1712  1712 D SELinuxMMAC: Using policy file /product/etc/selinux/product_mac_permissions.xml
02-12 03:33:40.657  1712  1712 D SELinuxMMAC: Using policy file /vendor/etc/selinux/vendor_mac_permissions.xml
02-12 03:33:40.660  1712  1712 D PackageManagerTiming: loadFallbacks
02-12 03:33:40.663  1712  1712 V PackageManagerTiming: loadFallbacks took to complete: 2ms
02-12 03:33:40.663  1712  1712 D PackageManagerTiming: read user settings
02-12 03:33:40.735  1712  1712 E PackageManager: Package com.android.providers.telephony was user id 0 but is now user SharedUserSetting{f615989 android.uid.phone/1001} with id 1001; I am not changing its files so it will probably fail!
02-12 03:33:40.739  1712  1712 E PackageManager: Package com.android.dynsystem was user id 0 but is now user SharedUserSetting{c7e11bc android.uid.system/1000} with id 1000; I am not changing its files so it will probably fail!
02-12 03:33:40.740  1712  1712 E PackageManager: Package com.android.providers.calendar was user id 0 but is now user SharedUserSetting{9f8c1cb android.uid.calendar/10038} with id 10038; I am not changing its files so it will probably fail!
02-12 03:33:40.740  1712  1712 E PackageManager: Package com.android.providers.media was user id 0 but is now user SharedUserSetting{2554066 android.media/10029} with id 10029; I am not changing its files so it will probably fail!
02-12 03:33:40.740  1712  1712 E PackageManager: Package com.android.mms.service was user id 0 but is now user SharedUserSetting{f615989 android.uid.phone/1001} with id 1001; I am not changing its files so it will probably fail!
02-12 03:33:40.741  1712  1712 E PackageManager: Package com.android.providers.downloads was user id 0 but is now user SharedUserSetting{2554066 android.media/10029} with id 10029; I am not changing its files so it will probably fail!
02-12 03:33:40.741  1712  1712 E PackageManager: Package vendor.qti.hardware.cacert.server was user id 0 but is now user SharedUserSetting{556b6f9 com.qualcomm.qti.qtidataservices/10061} with id 10061; I am not changing its files so it will probably fail!
02-12 03:33:40.741  1712  1712 E PackageManager: Package com.qualcomm.qti.telephonyservice was user id 0 but is now user SharedUserSetting{34761ec android.uid.qtiphone/10091} with id 10091; I am not changing its files so it will probably fail!
02-12 03:33:40.742  1712  1712 E PackageManager: Package vendor.qti.iwlan was user id 0 but is now user SharedUserSetting{556b6f9 com.qualcomm.qti.qtidataservices/10061} with id 10061; I am not changing its files so it will probably fail!
02-12 03:33:40.743  1712  1712 E PackageManager: Package com.android.providers.downloads.ui was user id 0 but is now user SharedUserSetting{2554066 android.media/10029} with id 10029; I am not changing its files so it will probably fail!
02-12 03:33:40.743  1712  1712 E PackageManager: Package com.android.networkstack was user id 0 but is now user SharedUserSetting{dadd097 android.uid.networkstack/1073} with id 1073; I am not changing its files so it will probably fail!
02-12 03:33:40.743  1712  1712 E PackageManager: Package android was user id 0 but is now user SharedUserSetting{c7e11bc android.uid.system/1000} with id 1000; I am not changing its files so it will probably fail!
02-12 03:33:40.744  1712  1712 E PackageManager: Package com.android.mtp was user id 0 but is now user SharedUserSetting{2554066 android.media/10029} with id 10029; I am not changing its files so it will probably fail!
02-12 03:33:40.744  1712  1712 E PackageManager: Package com.android.nfc was user id 0 but is now user SharedUserSetting{9f66aee android.uid.nfc/1027} with id 1027; I am not changing its files so it will probably fail!
02-12 03:33:40.744  1712  1712 E PackageManager: Package com.android.ons was user id 0 but is now user SharedUserSetting{f615989 android.uid.phone/1001} with id 1001; I am not changing its files so it will probably fail!
02-12 03:33:40.745  1712  1712 E PackageManager: Package com.android.stk was user id 0 but is now user SharedUserSetting{f615989 android.uid.phone/1001} with id 1001; I am not changing its files so it will probably fail!
02-12 03:33:40.745  1712  1712 E PackageManager: Package com.android.Logger was user id 0 but is now user SharedUserSetting{c7e11bc android.uid.system/1000} with id 1000; I am not changing its files so it will probably fail!
02-12 03:33:40.745  1712  1712 E PackageManager: Package com.qualcomm.qcrilmsgtunnel was user id 0 but is now user SharedUserSetting{f615989 android.uid.phone/1001} with id 1001; I am not changing its files so it will probably fail!
02-12 03:33:40.746  1712  1712 E PackageManager: Package com.android.providers.settings was user id 0 but is now user SharedUserSetting{c7e11bc android.uid.system/1000} with id 1000; I am not changing its files so it will probably fail!
02-12 03:33:40.746  1712  1712 E PackageManager: Package com.android.se was user id 0 but is now user SharedUserSetting{ab3fb23 android.uid.se/1068} with id 1068; I am not changing its files so it will probably fail!
02-12 03:33:40.746  1712  1712 E PackageManager: Package com.android.inputdevices was user id 0 but is now user SharedUserSetting{c7e11bc android.uid.system/1000} with id 1000; I am not changing its files so it will probably fail!
02-12 03:33:40.747  1712  1712 E PackageManager: Package com.android.server.telecom was user id 0 but is now user SharedUserSetting{c7e11bc android.uid.system/1000} with id 1000; I am not changing its files so it will probably fail!
02-12 03:33:40.747  1712  1712 E PackageManager: Package com.android.cellbroadcastservice was user id 0 but is now user SharedUserSetting{dadd097 android.uid.networkstack/1073} with id 1073; I am not changing its files so it will probably fail!
02-12 03:33:40.748  1712  1712 E PackageManager: Package com.android.keychain was user id 0 but is now user SharedUserSetting{c7e11bc android.uid.system/1000} with id 1000; I am not changing its files so it will probably fail!
02-12 03:33:40.748  1712  1712 E PackageManager: Package com.android.calllogbackup was user id 0 but is now user SharedUserSetting{9395076 android.uid.shared/10027} with id 10027; I am not changing its files so it will probably fail!
02-12 03:33:40.748  1712  1712 E PackageManager: Package com.android.localtransport was user id 0 but is now user SharedUserSetting{c7e11bc android.uid.system/1000} with id 1000; I am not changing its files so it will probably fail!
02-12 03:33:40.748  1712  1712 E PackageManager: Package com.android.networkstack.tethering was user id 0 but is now user SharedUserSetting{dadd097 android.uid.networkstack/1073} with id 1073; I am not changing its files so it will probably fail!
02-12 03:33:40.749  1712  1712 E PackageManager: Package com.android.soundpicker was user id 0 but is now user SharedUserSetting{2554066 android.media/10029} with id 10029; I am not changing its files so it will probably fail!
02-12 03:33:40.749  1712  1712 E PackageManager: Package com.android.settings was user id 0 but is now user SharedUserSetting{c7e11bc android.uid.system/1000} with id 1000; I am not changing its files so it will probably fail!
02-12 03:33:40.750  1712  1712 E PackageManager: Package com.qualcomm.qti.cne was user id 0 but is now user SharedUserSetting{556b6f9 com.qualcomm.qti.qtidataservices/10061} with id 10061; I am not changing its files so it will probably fail!
02-12 03:33:40.750  1712  1712 E PackageManager: Package com.android.cts.ctsshim was user id 0 but is now user SharedUserSetting{caab18b com.android.cts.ctsshim/10099} with id 10099; I am not changing its files so it will probably fail!
02-12 03:33:40.750  1712  1712 E PackageManager: Package com.android.phone was user id 0 but is now user SharedUserSetting{f615989 android.uid.phone/1001} with id 1001; I am not changing its files so it will probably fail!
02-12 03:33:40.751  1712  1712 E PackageManager: Package com.android.shell was user id 0 but is now user SharedUserSetting{5b0fd14 android.uid.shell/2000} with id 2000; I am not changing its files so it will probably fail!
02-12 03:33:40.751  1712  1712 E PackageManager: Package com.android.wallpaperbackup was user id 0 but is now user SharedUserSetting{c7e11bc android.uid.system/1000} with id 1000; I am not changing its files so it will probably fail!
02-12 03:33:40.751  1712  1712 E PackageManager: Package com.android.providers.blockednumber was user id 0 but is now user SharedUserSetting{9395076 android.uid.shared/10027} with id 10027; I am not changing its files so it will probably fail!
02-12 03:33:40.752  1712  1712 E PackageManager: Package com.android.providers.userdictionary was user id 0 but is now user SharedUserSetting{9395076 android.uid.shared/10027} with id 10027; I am not changing its files so it will probably fail!
02-12 03:33:40.752  1712  1712 E PackageManager: Package com.android.emergency was user id 0 but is now user SharedUserSetting{9b3b375 com.android.emergency.uid/10085} with id 10085; I am not changing its files so it will probably fail!
02-12 03:33:40.753  1712  1712 E PackageManager: Package com.android.location.fused was user id 0 but is now user SharedUserSetting{c7e11bc android.uid.system/1000} with id 1000; I am not changing its files so it will probably fail!
02-12 03:33:40.753  1712  1712 E PackageManager: Package com.android.systemui was user id 0 but is now user SharedUserSetting{b8a41d6 android.uid.systemui/10090} with id 10090; I am not changing its files so it will probably fail!
02-12 03:33:40.754  1712  1712 E PackageManager: Package com.android.bluetooth was user id 0 but is now user SharedUserSetting{d9bdc2d android.uid.bluetooth/1002} with id 1002; I am not changing its files so it will probably fail!
02-12 03:33:40.754  1712  1712 E PackageManager: Package com.android.providers.contacts was user id 0 but is now user SharedUserSetting{9395076 android.uid.shared/10027} with id 10027; I am not changing its files so it will probably fail!
02-12 03:33:40.786  1712  1712 V SLog    : static_init took to complete: 1ms
02-12 03:33:40.786  1712  1712 W PackageSettings: Missing permission state for package com.android.internal.display.cutout.emulation.noCutout on user 0
02-12 03:33:40.786  1712  1712 W PackageSettings: Missing permission state for package com.android.uwb.resources on user 0
02-12 03:33:40.786  1712  1712 W PackageSettings: Missing permission state for package com.android.internal.display.cutout.emulation.corner on user 0
02-12 03:33:40.786  1712  1712 W PackageSettings: Missing permission state for package com.android.internal.display.cutout.emulation.double on user 0
02-12 03:33:40.786  1712  1712 W PackageSettings: Missing permission state for package com.android.internal.systemui.navbar.gestural_wide_back on user 0
02-12 03:33:40.786  1712  1712 W PackageSettings: Missing permission state for package com.android.settings.overlay.g025j on user 0
02-12 03:33:40.786  1712  1712 W PackageSettings: Missing permission state for package com.android.htmlviewer on user 0
02-12 03:33:40.786  1712  1712 W PackageSettings: Missing permission state for package com.android.connectivity.resources.overlay on user 0
02-12 03:33:40.786  1712  1712 W PackageSettings: Missing permission state for package com.android.connectivity.resources on user 0
02-12 03:33:40.786  1712  1712 W PackageSettings: Missing permission state for package com.android.internal.display.cutout.emulation.hole on user 0
02-12 03:33:40.786  1712  1712 W PackageSettings: Missing permission state for package com.android.internal.display.cutout.emulation.tall on user 0
02-12 03:33:40.786  1712  1712 W PackageSettings: Missing permission state for package com.android.internal.systemui.navbar.threebutton on user 0
02-12 03:33:40.786  1712  1712 W PackageSettings: Missing permission state for package com.android.settings.auto_generated_rro_vendor__ on user 0
02-12 03:33:40.786  1712  1712 W PackageSettings: Missing permission state for package com.android.systemui.auto_generated_rro_vendor__ on user 0
02-12 03:33:40.786  1712  1712 W PackageSettings: Missing permission state for package com.android.internal.systemui.navbar.gestural_extra_wide_back on user 0
02-12 03:33:40.787  1712  1712 W PackageSettings: Missing permission state for package com.android.dreams.basic on user 0
02-12 03:33:40.787  1712  1712 W PackageSettings: Missing permission state for package android.ext.shared on user 0
02-12 03:33:40.787  1712  1712 W PackageSettings: Missing permission state for package com.android.wifi.resources on user 0
02-12 03:33:40.787  1712  1712 W PackageSettings: Missing permission state for package com.android.storagemanager.auto_generated_rro_vendor__ on user 0
02-12 03:33:40.787  1712  1712 W PackageSettings: Missing permission state for package com.android.cameraextensions on user 0
02-12 03:33:40.787  1712  1712 W PackageSettings: Missing permission state for package com.android.theme.font.notoserifsource on user 0
02-12 03:33:40.787  1712  1712 W PackageSettings: Missing permission state for package com.android.internal.display.cutout.emulation.waterfall on user 0
02-12 03:33:40.787  1712  1712 W PackageSettings: Missing permission state for package com.android.providers.partnerbookmarks on user 0
02-12 03:33:40.787  1712  1712 W PackageSettings: Missing permission state for package com.android.phone.auto_generated_rro_vendor__ on user 0
02-12 03:33:40.787  1712  1712 W PackageSettings: Missing permission state for package com.android.traceur.auto_generated_rro_vendor__ on user 0
02-12 03:33:40.787  1712  1712 W PackageSettings: Missing permission state for package com.android.internal.display.cutout.emulation.avoidAppsInCutout on user 0
02-12 03:33:40.787  1712  1712 W PackageSettings: Missing permission state for package com.android.wifi.resources.pixel on user 0
02-12 03:33:40.787  1712  1712 W PackageSettings: Missing permission state for package com.android.bookmarkprovider on user 0
02-12 03:33:40.787  1712  1712 W PackageSettings: Missing permission state for package com.android.emergency.auto_generated_rro_vendor__ on user 0
02-12 03:33:40.787  1712  1712 W PackageSettings: Missing permission state for package com.android.nfc.auto_generated_rro_vendor__ on user 0
02-12 03:33:40.787  1712  1712 W PackageSettings: Missing permission state for package com.android.internal.systemui.navbar.gestural on user 0
02-12 03:33:40.787  1712  1712 W PackageSettings: Missing permission state for package com.android.internal.systemui.navbar.gestural_narrow_back on user 0
02-12 03:33:40.788  1712  1712 W PackageSettings: Missing permission state for package android.auto_generated_rro_vendor__ on user 0
02-12 03:33:40.788  1712  1712 W PackageSettings: Missing permission state for shared user: android.uid.log
02-12 03:33:40.788  1712  1712 W PackageSettings: Missing permission state for shared user: android.uid.uwb
02-12 03:33:40.798  1712  1712 V PackageManagerTiming: read user settings took to complete: 135ms
02-12 03:33:40.804  1712  1712 D PackageManager: Directories scanned as system partitions: [/system:0, /vendor:524288, /odm:4194304, /oem:262144, /product:1048576, /system_ext:2097152, /apex/com.android.ipsec:8388608, /apex/com.android.media:8388608, /apex/com.android.media.swcodec:8388608, /apex/com.android.scheduling:8388608, /apex/com.android.cellbroadcast:8388608, /apex/com.android.btservices:8388608, /apex/com.android.mediaprovider:8388608, /apex/com.android.art:8388608, /apex/com.android.vndk.v33:8388608, /apex/com.android.os.statsd:8388608, /apex/com.android.appsearch:8388608, /apex/com.android.wifi:8388608, /apex/com.android.runtime:8388608, /apex/com.android.neuralnetworks:8388608, /apex/com.android.tethering:8388608, /apex/com.android.sdkext:8388608, /apex/com.android.extservices:8388608, /apex/com.android.adservices:8388608, /apex/com.android.i18n:8388608, /apex/com.android.uwb:8388608, /apex/com.android.adbd:8388608, /apex/com.android.permission:8388608, /apex/com.android.ondevicepersonalization:8388608, /apex/com.android.vibrator.sunfish:8912896, /apex/com.android.tzdata:8388608, /apex/com.android.apex.cts.shim:8388608, /apex/com.android.resolv:8388608, /apex/com.android.conscrypt:8388608]
02-12 03:33:40.806  1712  1712 D PackageManager: Keeping known cache ac893ef91d2fd9c8f94faa7cbb6ddf647d383616
02-12 03:33:40.806  1712  1712 W PackageManager: Wiping cache directory because the system partition changed.
02-12 03:33:40.988  1712  2003 I PackageParsing: Parse times for '/data/apex/decompressed/com.android.adbd@330400000.decompressed.apex': parse=162ms, update_cache=1 ms
02-12 03:33:41.071  1712  2006 I PackageParsing: Parse times for '/data/apex/decompressed/com.android.cellbroadcast@330400000.decompressed.apex': parse=163ms, update_cache=1 ms
02-12 03:33:41.090  1712  2003 I PackageParsing: Parse times for '/data/apex/decompressed/com.android.conscrypt@330400000.decompressed.apex': parse=100ms, update_cache=1 ms
02-12 03:33:41.226  1712  2005 I PackageParsing: Parse times for '/system/apex/com.android.btservices.apex': parse=370ms, update_cache=1 ms
02-12 03:33:41.278  1712  2006 I PackageParsing: Parse times for '/data/apex/decompressed/com.android.media@330400000.decompressed.apex': parse=113ms, update_cache=1 ms
02-12 03:33:41.434  1712  2005 I PackageParsing: Parse times for '/data/apex/decompressed/com.android.media.swcodec@330400000.decompressed.apex': parse=208ms, update_cache=0 ms
02-12 03:33:41.456  1712  2006 I PackageParsing: Parse times for '/data/apex/decompressed/com.android.mediaprovider@330400000.decompressed.apex': parse=176ms, update_cache=1 ms
02-12 03:33:41.578  1712  2005 I PackageParsing: Parse times for '/data/apex/decompressed/com.android.neuralnetworks@330400000.decompressed.apex': parse=142ms, update_cache=1 ms
02-12 03:33:41.578  1712  2004 I PackageParsing: Parse times for '/data/apex/decompressed/com.android.art@330400000.decompressed.apex': parse=723ms, update_cache=0 ms
02-12 03:33:41.708  1712  2003 I PackageParsing: Parse times for '/system/apex/com.android.i18n.apex': parse=617ms, update_cache=1 ms
02-12 03:33:41.714  1712  2004 I PackageParsing: Parse times for '/system/apex/com.android.runtime.apex': parse=134ms, update_cache=1 ms
02-12 03:33:41.777  1712  2006 I PackageParsing: Parse times for '/data/apex/decompressed/com.android.permission@330400000.decompressed.apex': parse=247ms, update_cache=0 ms
02-12 03:33:41.864  1712  2003 I PackageParsing: Parse times for '/data/apex/decompressed/com.android.wifi@330400000.decompressed.apex': parse=103ms, update_cache=1 ms
02-12 03:33:41.926  1349  1349 E storaged: getService package_native failed
02-12 03:33:41.933  1349  2143 I storaged: storaged: Start
02-12 03:33:42.230  1712  2004 I PackageParsing: Parse times for '/system/apex/com.android.vndk.current.apex': parse=478ms, update_cache=1 ms
02-12 03:33:42.234  1712  2005 I ApkLiteParseUtils: Skipping target and overlay pair com.android.settings and /product/overlay/SettingsOverlayG025N.apk: overlay ignored due to required system property: ro.boot.hardware.sku with value: G025N
02-12 03:33:42.235  1712  1712 W PackageManager: Failed to parse /product/overlay/SettingsOverlayG025N.apk: Skipping target and overlay pair com.android.settings and /product/overlay/SettingsOverlayG025N.apk: overlay ignored due to required system property: ro.boot.hardware.sku with value: G025N
02-12 03:33:42.236  1712  2004 I ApkLiteParseUtils: Skipping target and overlay pair com.android.settings and /product/overlay/SettingsOverlayG025M.apk: overlay ignored due to required system property: ro.boot.hardware.sku with value: G025M
02-12 03:33:42.242  1712  1712 D CompatibilityChangeReporter: Compat change id reported: 143539591; UID -1; state: DISABLED
02-12 03:33:42.243  1712  1712 D CompatibilityChangeReporter: Compat change id reported: 168782947; UID -1; state: ENABLED
02-12 03:33:42.249  1712  1712 W PackageManager: Failed to parse /product/overlay/SettingsOverlayG025M.apk: Skipping target and overlay pair com.android.settings and /product/overlay/SettingsOverlayG025M.apk: overlay ignored due to required system property: ro.boot.hardware.sku with value: G025M
02-12 03:33:42.278  1712  1712 W PackageManager: Failed to parse /system/framework/oat: Missing base APK in /system/framework/oat
02-12 03:33:42.278  1712  1712 W PackageManager: Failed to parse /system/framework/arm64: Missing base APK in /system/framework/arm64
02-12 03:33:42.278  1712  1712 W PackageManager: Failed to parse /system/framework/arm: Missing base APK in /system/framework/arm
02-12 03:33:42.322  1712  2006 W PackageParsing: android defines a knownSigner permission but the provided knownCerts resource is null
02-12 03:33:42.323  1712  2006 W PackageParsing: android defines a knownSigner permission but the provided knownCerts resource is null
02-12 03:33:42.323  1712  2006 W PackageParsing: android defines a knownSigner permission but the provided knownCerts resource is null
02-12 03:33:42.371  1712  2006 W PackageParsing: Ignoring duplicate uses-permissions/uses-permissions-sdk-m: android.permission.POST_NOTIFICATIONS in package: com.android.phone at: Binary XML file line #162
02-12 03:33:42.410  1712  1712 I PackageManager: /system/priv-app/NetworkStackNext changed; collecting certs
02-12 03:33:42.412  1712  1712 W PackageManager: Failed to scan /system/priv-app/NetworkStackNext: Application package com.android.networkstack already installed.  Skipping duplicate.
02-12 03:33:42.427  1712  1712 D CompatibilityChangeReporter: Compat change id reported: 168782947; UID -1; state: DISABLED
02-12 03:33:42.457  1712  2005 W PackageParsing: No actions in intent-filter at /system/app/CarrierDefaultApp/CarrierDefaultApp.apk Binary XML file line #44
02-12 03:33:42.549  1712  2006 W PackageParsing: Ignoring duplicate uses-permissions/uses-permissions-sdk-m: android.permission.POST_NOTIFICATIONS in package: com.android.dialer at: Binary XML file line #65
02-12 03:33:42.549  1712  2006 W PackageParsing: Unknown element under <manifest>: meta-data at /product/priv-app/Dialer/Dialer.apk Binary XML file line #122
02-12 03:33:42.551  1712  2005 W PackageParsing: No actions in intent-filter at /product/priv-app/Contacts/Contacts.apk Binary XML file line #563
02-12 03:33:42.604  1712  2005 D CompatibilityChangeReporter: Compat change id reported: 150232615; UID -1; state: DISABLED
02-12 03:33:42.791  1712  2004 W PackageParsing: Ignoring duplicate uses-permissions/uses-permissions-sdk-m: android.permission.CONFIGURE_WIFI_DISPLAY in package: com.android.systemui at: Binary XML file line #167
02-12 03:33:42.792  1712  2004 W PackageParsing: Ignoring duplicate uses-permissions/uses-permissions-sdk-m: android.permission.GET_RUNTIME_PERMISSIONS in package: com.android.systemui at: Binary XML file line #236
02-12 03:33:42.792  1712  2004 W PackageParsing: Ignoring duplicate uses-permissions/uses-permissions-sdk-m: android.permission.READ_DEVICE_CONFIG in package: com.android.systemui at: Binary XML file line #337
02-12 03:33:42.799  1712  2004 I PackageParsing: Parse times for '/system_ext/priv-app/SystemUI': parse=128ms, update_cache=1 ms
02-12 03:33:42.877  1712  2006 I PackageParsing: Parse times for '/system_ext/priv-app/Settings': parse=224ms, update_cache=2 ms
02-12 03:33:42.889  1712  1712 I ApexManager: Registering com.android.cellbroadcastservice as apk-in-apex of com.android.cellbroadcast
02-12 03:33:42.918  1712  1712 I ApexManager: Registering com.android.cellbroadcastreceiver.module as apk-in-apex of com.android.cellbroadcast
02-12 03:33:42.930  1712  1712 I ApexManager: Registering com.android.bluetooth as apk-in-apex of com.android.btservices
02-12 03:33:42.943  1712  2003 W PackageParsing: Unknown element under <manifest>: meta-data at /apex/com.android.mediaprovider/priv-app/MediaProvider@TQ3A.230805.001.A2/MediaProvider.apk Binary XML file line #9
02-12 03:33:42.946  1712  1712 I ApexManager: Registering com.android.providers.media.module as apk-in-apex of com.android.mediaprovider
02-12 03:33:42.956  1712  1712 I ApexManager: Registering com.android.wifi.resources as apk-in-apex of com.android.wifi
02-12 03:33:42.964  1712  1712 I ApexManager: Registering com.android.hotspot2.osulogin as apk-in-apex of com.android.wifi
02-12 03:33:42.964  1712  1712 I ApexManager: Registering com.android.wifi.dialog as apk-in-apex of com.android.wifi
02-12 03:33:42.971  1712  1712 I ApexManager: Registering com.android.connectivity.resources as apk-in-apex of com.android.tethering
02-12 03:33:42.973  1712  1712 I ApexManager: Registering com.android.networkstack.tethering as apk-in-apex of com.android.tethering
02-12 03:33:42.982  1712  1712 I ApexManager: Registering com.android.nearby.halfsheet as apk-in-apex of com.android.tethering
02-12 03:33:42.989  1712  1712 I ApexManager: Registering android.ext.services as apk-in-apex of com.android.extservices
02-12 03:33:42.993  1712  1712 I ApexManager: Registering com.android.adservices.api as apk-in-apex of com.android.adservices
02-12 03:33:42.997  1712  1712 I ApexManager: Registering com.android.sdksandbox as apk-in-apex of com.android.adservices
02-12 03:33:43.002  1712  1712 I ApexManager: Registering com.android.uwb.resources as apk-in-apex of com.android.uwb
02-12 03:33:43.008  1712  1712 I ApexManager: Registering com.android.safetycenter.resources as apk-in-apex of com.android.permission
02-12 03:33:43.023  1712  2006 W PackageParsing: Ignoring duplicate uses-permissions/uses-permissions-sdk-m: android.permission.OBSERVE_SENSOR_PRIVACY in package: com.android.permissioncontroller at: Binary XML file line #59
02-12 03:33:43.029  1712  1712 I ApexManager: Registering com.android.permissioncontroller as apk-in-apex of com.android.permission
02-12 03:33:43.034  1712  1712 I ApexManager: Registering com.android.ondevicepersonalization.services as apk-in-apex of com.android.ondevicepersonalization
02-12 03:33:43.039  1712  1712 I ApexManager: Registering com.android.cts.priv.ctsshim as apk-in-apex of com.android.apex.cts.shim
02-12 03:33:43.044  1712  1712 I ApexManager: Registering com.android.cts.ctsshim as apk-in-apex of com.android.apex.cts.shim
02-12 03:33:43.048  1712  1712 I PackageManager: Finished scanning system apps. Time: 2245 ms, packageCount: 141 , timePerPackage: 15 , cached: 0
02-12 03:33:43.048  1712  1712 I PackageManager: Finished scanning non-system apps. Time: 0 ms, packageCount: 0 , timePerPackage: 0 , cached: 0
02-12 03:33:43.049  1712  1712 E PackageManager: updateAllSharedLibrariesLPw failed: Package org.codeaurora.ims requires unavailable shared library ims-ext-common; failing!
02-12 03:33:43.052  1712  1712 I PackageManager: Time to scan packages: 2.25 seconds
02-12 03:33:43.052  1712  1712 I PackageManager: Permission ownership changed. Updating all permissions.
02-12 03:33:43.063  1712  1712 W PackageManager: Package com.android.providers.media.module is an APK in APEX, but has permission allowlist on the system image. Please bundle the allowlist in the com.android.mediaprovider APEX instead.
02-12 03:33:43.064  1712  1712 W PackageManager: Package com.android.providers.media.module is an APK in APEX, but has permission allowlist on the system image. Please bundle the allowlist in the com.android.mediaprovider APEX instead.
02-12 03:33:43.064  1712  1712 W PackageManager: Package com.android.providers.media.module is an APK in APEX, but has permission allowlist on the system image. Please bundle the allowlist in the com.android.mediaprovider APEX instead.
02-12 03:33:43.064  1712  1712 W PackageManager: Package com.android.providers.media.module is an APK in APEX, but has permission allowlist on the system image. Please bundle the allowlist in the com.android.mediaprovider APEX instead.
02-12 03:33:43.064  1712  1712 W PackageManager: Package com.android.providers.media.module is an APK in APEX, but has permission allowlist on the system image. Please bundle the allowlist in the com.android.mediaprovider APEX instead.
02-12 03:33:43.064  1712  1712 W PackageManager: Package com.android.providers.media.module is an APK in APEX, but has permission allowlist on the system image. Please bundle the allowlist in the com.android.mediaprovider APEX instead.
02-12 03:33:43.064  1712  1712 W PackageManager: Package com.android.providers.media.module is an APK in APEX, but has permission allowlist on the system image. Please bundle the allowlist in the com.android.mediaprovider APEX instead.
02-12 03:33:43.064  1712  1712 W PackageManager: Package com.android.providers.media.module is an APK in APEX, but has permission allowlist on the system image. Please bundle the allowlist in the com.android.mediaprovider APEX instead.
