--------- beginning of system
02-02 06:29:35.070   661   679 I QISL    : QSEE Interrupt Service Listener Thread is started
02-02 06:29:35.070   661   679 I QISL    : QSEE Interrupt Service Listener was activated successfully
02-02 06:29:35.146   684   684 I vold    : Vold 3.0 (the awakening) firing up
02-02 06:29:35.146   684   684 D vold    : Detected support for: ext4 f2fs vfat
02-02 06:29:35.160   684   684 D vold    : VoldNativeService::start() completed OK
02-02 06:29:35.271   697   697 I keystore2: keystore2_main: Keystore2 is starting.
02-02 06:29:35.271   697   697 I keystore2: keystore2_main: Setting up sqlite logging for keystore2
02-02 06:29:35.281   697   697 W keystore2: keystore2::metrics_store: In update_keystore_crash_sysprop: Failed to read the existing system property due to: In read_keystore_crash_count: Property not set..Therefore, keystore crashes will not be logged.
02-02 06:29:35.285   697   697 I keystore2: keystore2_main: Starting thread pool now.
02-02 06:29:35.304   697   697 I keystore2: keystore2::globals: Add emulation wrapper around Keymaster device for security level: SecurityLevel(1)
02-02 06:29:35.305   697   697 I keystore2: keystore2::globals: Add emulation wrapper around Keymaster device for security level: SecurityLevel(2)
02-02 06:29:35.310   697   697 I keystore2: keystore2_main: Not publishing IRemotelyProvisionedKeyPool service: In new_native_binder: Failed to get TEE Remote Provisioner instance.
02-02 06:29:35.310   697   697 I keystore2: 
02-02 06:29:35.310   697   697 I keystore2: Caused by:
02-02 06:29:35.310   697   697 I keystore2:     0: In get_remotely_provisioned_component.
02-02 06:29:35.310   697   697 I keystore2:     1: In connect_remotely_provisioned_component.
02-02 06:29:35.310   697   697 I keystore2:     2: Error::Km(ErrorCode(-68))
02-02 06:29:35.312   697   697 I keystore2: keystore2_main: Successfully registered Keystore 2.0 service.
02-02 06:29:35.312   697   697 I keystore2: keystore2_main: Joining thread pool now.
02-02 06:29:35.313   684   684 D vold    : fscrypt_mount_metadata_encrypted: /data encrypt: 0 format: 0 with null
02-02 06:29:35.313   684   684 D vold    : metadata_key_dir/key: /metadata/vold/metadata_encryption/key
02-02 06:29:35.314   684   684 D vold    : Key exists, using: /metadata/vold/metadata_encryption/key
02-02 06:29:35.343   697   715 I keystore2: keystore2::shared_secret_negotiation: Shared secret negotiation concluded successfully.
02-02 06:29:35.343   697   715 I keystore2: keystore2::shared_secret_negotiation: StrongBox does not provide a challenge, so no RoT transfer: Status(-8, EX_SERVICE_SPECIFIC): '-100: '
02-02 06:29:35.350   684   684 D vold    : Mounting metadata-encrypted filesystem:/data
02-02 06:29:35.370   684   684 I vold    : [libfs_mgr]Running /system/bin/fsck.f2fs -a -c 10000 --debug-cache /dev/block/dm-37
02-02 06:29:35.650   684   684 I vold    : [libfs_mgr]__mount(source=/dev/block/dm-37,target=/data,type=f2fs)=0: Success
02-02 06:29:35.651   684   684 D vold    : Mounted /data
02-02 06:29:35.652   684   691 E NetlinkListener: recvmsg failed (No buffer space available)
02-12 03:33:34.168   684   684 I Checkpoint: cp_prepareCheckpoint called
02-12 03:33:34.190   684   684 I vold    : fscrypt_initialize_systemwide_keys
02-12 03:33:34.191   684   684 D vold    : Key exists, using: /data/unencrypted/key
02-12 03:33:34.210   684   684 D vold    : Detected support for FS_IOC_ADD_ENCRYPTION_KEY
02-12 03:33:34.211   684   684 D vold    : Installed fscrypt key with ref 6b69d0cd269cb383 to /data
02-12 03:33:34.211   684   684 D vold    : Added fscrypt-provisioning key for 6b69d0cd269cb383 to session keyring
02-12 03:33:34.213   684   684 I vold    : Wrote system DE key reference to:/data/unencrypted/ref
02-12 03:33:34.213   684   684 D vold    : Generating standard storage key
02-12 03:33:34.214   684   684 D vold    : Installed fscrypt key with ref 152ea2818680b8fd to /data
02-12 03:33:34.214   684   684 D vold    : Added fscrypt-provisioning key for 152ea2818680b8fd to session keyring
02-12 03:33:34.215   684   684 I vold    : Wrote per boot key reference to:/data/unencrypted/per_boot_ref
02-12 03:33:34.240   706   780 D BootAnimation: BootAnimationShownTiming start time: 4321ms
02-12 03:33:34.258   684   684 I incfs   : Initial API level of the device: 29
02-12 03:33:34.258   684   684 I incfs   : ro.incremental.enable: module:/vendor/lib/modules/incrementalfs.ko
02-12 03:33:34.258   684   684 I incfs   : isFsAvailable: false
02-12 03:33:34.258   684   684 I incfs   : isFsAvailable: false
02-12 03:33:34.268   684   684 I incfs   : isFsAvailable: true
02-12 03:33:34.268   684   684 I incfs   : successfully loaded IncFs kernel module "/vendor/lib/modules/incrementalfs.ko"
02-12 03:33:34.268   684   684 I incfs   : IncFs_Features: v2
02-12 03:33:34.269   697   717 I keystore2: keystore2::maintenance: In early_boot_ended.
02-12 03:33:34.280   697   717 I keystore2: keystore2::globals: Touching Keystore 2.0 database for this first time since boot.
02-12 03:33:34.280   697   717 I keystore2: keystore2::globals: Calling cleanup leftovers.
02-12 03:33:34.352   697   717 I keystore2: keystore2::super_key: Starting boot level watcher.
02-12 03:33:34.352   697   717 I keystore2: keystore2::maintenance: Call to earlyBootEnded succeeded for security level TRUSTED_ENVIRONMENT.
02-12 03:33:34.352   697   793 I keystore2: keystore2::super_key: Read keystore.boot_level value 30
02-12 03:33:34.353   697   793 I keystore2: keystore2::super_key: Read keystore.boot_level value 30
02-12 03:33:34.355   697   717 I keystore2: keystore2::maintenance: Call to earlyBootEnded succeeded for security level STRONGBOX.
02-12 03:33:34.991   684   684 D vold    : fscrypt_init_user0
02-12 03:33:34.991   684   684 D vold    : Preparing: /data/misc/vold/user_keys
02-12 03:33:34.992   684   684 D vold    : Preparing: /data/misc/vold/user_keys/ce
02-12 03:33:34.993   684   684 D vold    : Preparing: /data/misc/vold/user_keys/de
02-12 03:33:35.007   684   684 D vold    : Installed fscrypt key with ref 9f99bd0cddc3f3be to /data
02-12 03:33:35.007   684   684 D vold    : Added fscrypt-provisioning key for 9f99bd0cddc3f3be to session keyring
02-12 03:33:35.007   684   684 D vold    : Installed de key for user 0
02-12 03:33:35.007   684   684 D vold    : fscrypt_prepare_user_storage for volume null, user 0, serial 0, flags 1
02-12 03:33:35.007   684   684 D vold    : Preparing: /data/system/users/0
02-12 03:33:35.008   684   684 D vold    : Preparing: /data/misc/profiles/cur/0
02-12 03:33:35.009   684   684 D vold    : Preparing: /data/system_de/0
02-12 03:33:35.009   684   684 D vold    : Preparing: /data/vendor_de/0
02-12 03:33:35.009   684   684 D vold    : Preparing: /data/misc_de/0
02-12 03:33:35.010   684   684 D vold    : Preparing: /data/user_de/0
02-12 03:33:35.010   684   684 I vold    : Verified that /data/system_de/0 has the encryption policy 9f99bd0cddc3f3be v1 modes 127/4 flags 0x0
02-12 03:33:35.010   684   684 I vold    : Verified that /data/vendor_de/0 has the encryption policy 9f99bd0cddc3f3be v1 modes 127/4 flags 0x0
02-12 03:33:35.010   684   684 I vold    : Verified that /data/misc_de/0 has the encryption policy 9f99bd0cddc3f3be v1 modes 127/4 flags 0x0
02-12 03:33:35.010   684   684 I vold    : Verified that /data/user_de/0 has the encryption policy 9f99bd0cddc3f3be v1 modes 127/4 flags 0x0
02-12 03:33:35.010   684   684 D vold    : /system/bin/vold_prepare_subdirs
02-12 03:33:35.010   684   684 D vold    :     prepare
02-12 03:33:35.010   684   684 D vold    :     
02-12 03:33:35.010   684   684 D vold    :     0
02-12 03:33:35.010   684   684 D vold    :     1
02-12 03:33:35.083   991   991 I odsign  : Trying to retrieve existing HMAC key...
02-12 03:33:35.084   991   991 I odsign  : Trying to retrieve existing keystore key...
02-12 03:33:35.098   991   991 I odsign  : Verified public key signature.
02-12 03:33:35.098   991   991 I odsign  : Initialized Keystore key.
02-12 03:33:35.099   991   991 I odsign  : Found and verified existing public key certificate: /data/misc/odsign/key.cert
02-12 03:33:35.175   993   993 I odrefresh: ART APEX version 330400000
02-12 03:33:35.175   993   993 I odrefresh: Factory ART APEX mounted.
02-12 03:33:35.175   993   993 I odrefresh: System properties are set to default values.
02-12 03:33:35.176   993   993 I odrefresh: Factory ART APEX mounted.
02-12 03:33:35.176   993   993 I odrefresh: System properties are set to default values.
02-12 03:33:35.176   993   993 I odrefresh: Factory APEXes mounted.
02-12 03:33:35.176   993   993 I odrefresh: System properties are set to default values.
02-12 03:33:35.179   991   991 I odsign  : Metrics report is empty
02-12 03:33:35.180   991   991 I odsign  : /data/misc/odsign/odsign.info not found.
02-12 03:33:35.180   991   991 I odsign  : odrefresh said artifacts are VALID
02-12 03:33:35.180   991   991 I odsign  : On-device signing done.
02-12 03:33:35.191   697   793 I keystore2: keystore2::super_key: keystore.boot_level 1000000000 hits maximum 1000000000, finishing.
02-12 03:33:35.858  1087  1087 I irsc_util: Starting irsc tool
02-12 03:33:35.862  1087  1087 I irsc_util: Num of entries:297
02-12 03:33:35.862  1087  1087 I irsc_util: Ending irsc tool
02-12 03:33:35.951  1120  1120 I gsid    : no DSU: No such file or directory
02-12 03:33:35.987  1122  1122 I reserveblocks: DDR size candidates: persist.vendor.ramdump.ddr_size_override=-1, ro.boot.ddr_size=6442450944
02-12 03:33:35.987  1122  1122 I reserveblocks: DDR size is 6GB (6442450944)
02-12 03:33:35.988  1122  1122 I reserveblocks: Disabling ramdump
02-12 03:33:35.991  1076  1076 I vendor.google.wifi_ext@1.0-service-vendor: Wifi Hal is booting up...
02-12 03:33:35.995  1076  1076 I HidlServiceManagement: Registered android.hardware.wifi@1.6::IWifi/default
02-12 03:33:35.996  1076  1076 I HidlServiceManagement: Registered vendor.google.wifi_ext@1.3::IWifiExt/default
02-12 03:33:36.005  1122  1122 I reserveblocks: Ramdump is disabled, deleting ramdump reserved file: /data/vendor/ramdump/RAMDUMP_RESERVED
02-12 03:33:36.005  1122  1122 E reserveblocks: Failed to delete /data/vendor/ramdump/RAMDUMP_RESERVED: No such file or directory
02-12 03:33:36.005  1122  1122 I reserveblocks: Ramdump is disabled, deleting ramdump output file: /data/vendor/ramdump/apq/00/RAMDUMP_OUTPUT
02-12 03:33:36.494  1015  1015 V Zygote64Timing: BeginPreload took to complete: 91ms
02-12 03:33:36.530  1281  1281 I imsrcsd : Uce Service HAL  is starting up...
02-12 03:33:36.530  1281  1281 I imsrcsd : Uce Service HAL  loading imsrcsbaseimpl
02-12 03:33:36.586  1319  1319 I installd: installd firing up
02-12 03:33:36.692  1016  1016 V Zygote32Timing: PostZygoteInitGC took to complete: 26ms
02-12 03:33:36.692  1016  1016 V Zygote32Timing: ZygoteInit took to complete: 43ms
02-12 03:33:36.702  1354  1354 I wificond: wificond is starting up...
02-12 03:33:36.707  1354  1354 I HidlServiceManagement: Registered android.system.wifi.keystore@1.0::IKeystore/default
02-12 03:33:36.720  1281  1281 I imsrcsd : Starting Service for First Time imsbaseimpl
02-12 03:33:36.722  1281  1281 I imsrcsd : Interface com.qualcomm.qti.uceservice@2.3::IUceService  com.qualcomm.qti.uceservice is found in manifest
02-12 03:33:36.723  1281  1281 I HidlServiceManagement: Registered com.qualcomm.qti.uceservice@2.3::IUceService/com.qualcomm.qti.uceservice
02-12 03:33:36.725  1281  1281 I imsrcsd : Interface com.qualcomm.qti.imscmservice@2.2::IImsCmService  qti.ims.connectionmanagerservice is found in manifest
02-12 03:33:36.727  1281  1281 I HidlServiceManagement: Registered com.qualcomm.qti.imscmservice@2.2::IImsCmService/qti.ims.connectionmanagerservice
02-12 03:33:36.737  1281  1281 I imsrcsd : Interface vendor.qti.ims.factory@1.1::IImsFactory  default is not found in manifest
02-12 03:33:36.738  1281  1281 I imsrcsd : Interface vendor.qti.ims.factory@1.0::IImsFactory  default is found in manifest
02-12 03:33:36.739  1281  1281 I HidlServiceManagement: Registered vendor.qti.ims.factory@1.0::IImsFactory/default
02-12 03:33:36.741  1281  1281 I imsrcsd : Interface vendor.qti.ims.callinfo@1.0::IService  default is found in manifest
02-12 03:33:36.752  1281  1281 I HidlServiceManagement: Registered vendor.qti.ims.callinfo@1.0::IService/default
02-12 03:33:36.752  1281  1281 I imsrcsd : ImsRcsBaseImpl ImsCallInfo After Registering Service
02-12 03:33:36.819  1349  1349 I storaged: Unable to get AIDL health service, trying HIDL...
02-12 03:33:37.965  1015  1015 V Zygote64Timing: PreloadClasses took to complete: 1472ms
02-12 03:33:37.980  1015  1015 V Zygote64Timing: CacheNonBootClasspathClassLoaders took to complete: 14ms
02-12 03:33:38.013  1015  1015 V Zygote64Timing: PreloadResources took to complete: 33ms
02-12 03:33:38.060  1015  1015 V Zygote64Timing: ZygotePreload took to complete: 1657ms
02-12 03:33:38.143  1015  1015 V Zygote64Timing: PostZygoteInitGC took to complete: 83ms
02-12 03:33:38.143  1015  1015 V Zygote64Timing: ZygoteInit took to complete: 1750ms
02-12 03:33:38.901  1712  1712 D SystemServerTiming: InitBeforeStartServices
02-12 03:33:38.905  1712  1712 I SystemServer: Entered the Android system server!
02-12 03:33:39.158  1712  1712 I SystemServerInitThreadPool: Creating instance with 8 threads
02-12 03:33:39.692  1843  1843 I imsrcsd : Uce Service HAL  is starting up...
02-12 03:33:39.692  1843  1843 I imsrcsd : getAndroidPropValue : vendor.ims.DATA_DAEMON_STATUS[1]
02-12 03:33:39.921  1712  1712 V SystemServerTiming: InitBeforeStartServices took to complete: 1020ms
02-12 03:33:39.922  1712  1712 D SystemServerTiming: StartServices
02-12 03:33:39.922  1712  1712 D SystemServerTiming: startBootstrapServices
02-12 03:33:39.922  1712  1712 D SystemServerTiming: StartWatchdog
02-12 03:33:39.941  1712  1712 V SystemServerTiming: StartWatchdog took to complete: 19ms
02-12 03:33:39.943  1712  1712 I SystemServer: Reading configuration...
02-12 03:33:39.943  1712  1712 D SystemServerTiming: ReadingSystemConfig
02-12 03:33:39.943  1712  1712 V SystemServerTiming: ReadingSystemConfig took to complete: 1ms
02-12 03:33:39.943  1712  1712 D SystemServerTiming: PlatformCompat
02-12 03:33:39.946  1712  1887 D SystemServerTimingAsync: InitThreadPoolExec:ReadingSystemConfig
02-12 03:33:39.947  1712  1712 D CompatConfig: Found a config file: /system/etc/compatconfig/framework-platform-compat-config.xml
02-12 03:33:39.947  1712  1887 D SystemServerInitThreadPool: Started executing ReadingSystemConfig
02-12 03:33:39.951  1712  1887 I SystemConfig: Reading permissions from /system/etc/sysconfig/hiddenapi-package-whitelist.xml
02-12 03:33:39.953  1712  1712 D CompatConfig: Adding: com.android.server.compat.config.Change@838053c
02-12 03:33:39.953  1712  1712 D CompatConfig: Adding: com.android.server.compat.config.Change@9dab2c5
02-12 03:33:39.953  1712  1712 D CompatConfig: Adding: com.android.server.compat.config.Change@df4541a
02-12 03:33:39.953  1712  1712 D CompatConfig: Adding: com.android.server.compat.config.Change@8c3eb4b
02-12 03:33:39.953  1712  1712 D CompatConfig: Adding: com.android.server.compat.config.Change@41e3928
02-12 03:33:39.953  1712  1712 D CompatConfig: Adding: com.android.server.compat.config.Change@338b641
02-12 03:33:39.953  1712  1712 D CompatConfig: Adding: com.android.server.compat.config.Change@df397e6
02-12 03:33:39.953  1712  1712 D CompatConfig: Adding: com.android.server.compat.config.Change@ae3f127
02-12 03:33:39.953  1712  1712 D CompatConfig: Adding: com.android.server.compat.config.Change@1b1bfd4
02-12 03:33:39.953  1712  1712 D CompatConfig: Adding: com.android.server.compat.config.Change@319757d
02-12 03:33:39.953  1712  1712 D CompatConfig: Adding: com.android.server.compat.config.Change@f514c72
02-12 03:33:39.953  1712  1712 D CompatConfig: Adding: com.android.server.compat.config.Change@d1478c3
02-12 03:33:39.953  1712  1712 D CompatConfig: Adding: com.android.server.compat.config.Change@8550540
02-12 03:33:39.953  1712  1712 D CompatConfig: Adding: com.android.server.compat.config.Change@34cec79
02-12 03:33:39.954  1712  1712 D CompatConfig: Adding: com.android.server.compat.config.Change@663bdbe
02-12 03:33:39.954  1712  1712 D CompatConfig: Adding: com.android.server.compat.config.Change@b3bde1f
02-12 03:33:39.954  1712  1712 D CompatConfig: Adding: com.android.server.compat.config.Change@125356c
02-12 03:33:39.954  1712  1712 D CompatConfig: Adding: com.android.server.compat.config.Change@a6d735
02-12 03:33:39.954  1712  1712 D CompatConfig: Adding: com.android.server.compat.config.Change@499f7ca
02-12 03:33:39.954  1712  1712 D CompatConfig: Adding: com.android.server.compat.config.Change@f4a3d3b
02-12 03:33:39.954  1712  1712 D CompatConfig: Adding: com.android.server.compat.config.Change@7e63c58
02-12 03:33:39.954  1712  1712 D CompatConfig: Adding: com.android.server.compat.config.Change@77ab1b1
02-12 03:33:39.954  1712  1712 D CompatConfig: Adding: com.android.server.compat.config.Change@147c696
02-12 03:33:39.954  1712  1712 D CompatConfig: Adding: com.android.server.compat.config.Change@8157217
02-12 03:33:39.954  1712  1712 D CompatConfig: Adding: com.android.server.compat.config.Change@eaec604
02-12 03:33:39.954  1712  1712 D CompatConfig: Adding: com.android.server.compat.config.Change@bd7b7ed
02-12 03:33:39.954  1712  1712 D CompatConfig: Adding: com.android.server.compat.config.Change@331b622
02-12 03:33:39.954  1712  1712 D CompatConfig: Adding: com.android.server.compat.config.Change@1f518b3
02-12 03:33:39.954  1712  1712 D CompatConfig: Adding: com.android.server.compat.config.Change@543e70
02-12 03:33:39.954  1712  1712 D CompatConfig: Adding: com.android.server.compat.config.Change@984e5e9
02-12 03:33:39.954  1712  1712 D CompatConfig: Adding: com.android.server.compat.config.Change@6d9126e
02-12 03:33:39.954  1712  1712 D CompatConfig: Adding: com.android.server.compat.config.Change@d1e8d0f
02-12 03:33:39.954  1712  1712 D CompatConfig: Adding: com.android.server.compat.config.Change@d96d19c
02-12 03:33:39.954  1712  1712 D CompatConfig: Adding: com.android.server.compat.config.Change@7bcf7a5
02-12 03:33:39.954  1712  1712 D CompatConfig: Adding: com.android.server.compat.config.Change@d87e77a
02-12 03:33:39.954  1712  1712 D CompatConfig: Adding: com.android.server.compat.config.Change@dc0eb2b
02-12 03:33:39.954  1712  1712 D CompatConfig: Adding: com.android.server.compat.config.Change@10d6b88
02-12 03:33:39.954  1712  1712 D CompatConfig: Adding: com.android.server.compat.config.Change@caa6921
02-12 03:33:39.954  1712  1712 D CompatConfig: Adding: com.android.server.compat.config.Change@11d0146
02-12 03:33:39.954  1712  1712 D CompatConfig: Adding: com.android.server.compat.config.Change@1e10f07
02-12 03:33:39.954  1712  1712 D CompatConfig: Adding: com.android.server.compat.config.Change@5d1b834
02-12 03:33:39.954  1712  1712 D CompatConfig: Adding: com.android.server.compat.config.Change@ca3765d
02-12 03:33:39.954  1712  1712 D CompatConfig: Adding: com.android.server.compat.config.Change@897ebd2
02-12 03:33:39.954  1712  1712 D CompatConfig: Adding: com.android.server.compat.config.Change@8f594a3
02-12 03:33:39.954  1712  1712 D CompatConfig: Adding: com.android.server.compat.config.Change@cec23a0
02-12 03:33:39.954  1712  1712 D CompatConfig: Adding: com.android.server.compat.config.Change@1261b59
02-12 03:33:39.954  1712  1712 D CompatConfig: Adding: com.android.server.compat.config.Change@964f31e
02-12 03:33:39.954  1712  1712 D CompatConfig: Adding: com.android.server.compat.config.Change@942d7ff
02-12 03:33:39.954  1712  1712 D CompatConfig: Adding: com.android.server.compat.config.Change@d7fd9cc
02-12 03:33:39.954  1712  1712 D CompatConfig: Adding: com.android.server.compat.config.Change@3941415
02-12 03:33:39.954  1712  1712 D CompatConfig: Adding: com.android.server.compat.config.Change@169232a
02-12 03:33:39.954  1712  1712 D CompatConfig: Adding: com.android.server.compat.config.Change@ef6f51b
02-12 03:33:39.954  1712  1712 D CompatConfig: Adding: com.android.server.compat.config.Change@bb6c6b8
02-12 03:33:39.954  1712  1712 D CompatConfig: Adding: com.android.server.compat.config.Change@7aedc91
02-12 03:33:39.955  1712  1712 D CompatConfig: Adding: com.android.server.compat.config.Change@5ce47f6
02-12 03:33:39.955  1712  1712 D CompatConfig: Adding: com.android.server.compat.config.Change@105c7f7
02-12 03:33:39.955  1712  1712 D CompatConfig: Adding: com.android.server.compat.config.Change@26d9664
02-12 03:33:39.955  1712  1712 D CompatConfig: Adding: com.android.server.compat.config.Change@1d3b0cd
02-12 03:33:39.955  1712  1712 D CompatConfig: Adding: com.android.server.compat.config.Change@28eed82
02-12 03:33:39.955  1712  1712 D CompatConfig: Adding: com.android.server.compat.config.Change@7c4ec93
02-12 03:33:39.955  1712  1712 D CompatConfig: Adding: com.android.server.compat.config.Change@b9fb4d0
02-12 03:33:39.955  1712  1712 D CompatConfig: Adding: com.android.server.compat.config.Change@4f78cc9
02-12 03:33:39.955  1712  1712 D CompatConfig: Adding: com.android.server.compat.config.Change@6c25fce
02-12 03:33:39.955  1712  1712 D CompatConfig: Adding: com.android.server.compat.config.Change@147beef
02-12 03:33:39.955  1712  1712 D CompatConfig: Adding: com.android.server.compat.config.Change@3934dfc
02-12 03:33:39.955  1712  1712 D CompatConfig: Adding: com.android.server.compat.config.Change@4632c85
02-12 03:33:39.955  1712  1712 D CompatConfig: Adding: com.android.server.compat.config.Change@9a8aada
02-12 03:33:39.955  1712  1712 D CompatConfig: Adding: com.android.server.compat.config.Change@f7b5b0b
02-12 03:33:39.955  1712  1712 D CompatConfig: Adding: com.android.server.compat.config.Change@2c54de8
02-12 03:33:39.955  1712  1712 D CompatConfig: Adding: com.android.server.compat.config.Change@52f0c01
02-12 03:33:39.955  1712  1712 D CompatConfig: Adding: com.android.server.compat.config.Change@4769aa6
02-12 03:33:39.955  1712  1712 D CompatConfig: Adding: com.android.server.compat.config.Change@c029ce7
02-12 03:33:39.955  1712  1712 D CompatConfig: Adding: com.android.server.compat.config.Change@a956094
02-12 03:33:39.955  1712  1712 D CompatConfig: Adding: com.android.server.compat.config.Change@b7f673d
02-12 03:33:39.956  1712  1712 D CompatConfig: Adding: com.android.server.compat.config.Change@ce1bb32
02-12 03:33:39.956  1712  1712 D CompatConfig: Adding: com.android.server.compat.config.Change@dd22083
02-12 03:33:39.956  1712  1712 D CompatConfig: Adding: com.android.server.compat.config.Change@b1f200
02-12 03:33:39.956  1712  1712 D CompatConfig: Adding: com.android.server.compat.config.Change@f803a39
02-12 03:33:39.956  1712  1712 D CompatConfig: Adding: com.android.server.compat.config.Change@c6c587e
02-12 03:33:39.956  1712  1712 D CompatConfig: Adding: com.android.server.compat.config.Change@c8c41df
02-12 03:33:39.956  1712  1712 D CompatConfig: Adding: com.android.server.compat.config.Change@5442e2c
02-12 03:33:39.956  1712  1712 D CompatConfig: Adding: com.android.server.compat.config.Change@62140f5
02-12 03:33:39.956  1712  1712 D CompatConfig: Adding: com.android.server.compat.config.Change@717e8a
02-12 03:33:39.956  1712  1712 D CompatConfig: Adding: com.android.server.compat.config.Change@d9d1cfb
02-12 03:33:39.956  1712  1712 D CompatConfig: Adding: com.android.server.compat.config.Change@fdc0118
02-12 03:33:39.956  1712  1712 D CompatConfig: Adding: com.android.server.compat.config.Change@991f771
02-12 03:33:39.957  1712  1712 D CompatConfig: Adding: com.android.server.compat.config.Change@ef0f956
02-12 03:33:39.957  1712  1712 D CompatConfig: Adding: com.android.server.compat.config.Change@7168dd7
02-12 03:33:39.957  1712  1712 D CompatConfig: Adding: com.android.server.compat.config.Change@f1c16c4
02-12 03:33:39.957  1712  1712 D CompatConfig: Adding: com.android.server.compat.config.Change@d7d99ad
02-12 03:33:39.957  1712  1712 D CompatConfig: Adding: com.android.server.compat.config.Change@c1b54e2
02-12 03:33:39.957  1712  1712 D CompatConfig: Adding: com.android.server.compat.config.Change@44c3073
02-12 03:33:39.957  1712  1712 D CompatConfig: Adding: com.android.server.compat.config.Change@725db30
02-12 03:33:39.957  1712  1712 D CompatConfig: Adding: com.android.server.compat.config.Change@b0723a9
02-12 03:33:39.957  1712  1712 D CompatConfig: Adding: com.android.server.compat.config.Change@c9ddd2e
02-12 03:33:39.957  1712  1712 D CompatConfig: Adding: com.android.server.compat.config.Change@82f60cf
02-12 03:33:39.957  1712  1712 D CompatConfig: Adding: com.android.server.compat.config.Change@ac57a5c
02-12 03:33:39.957  1712  1712 D CompatConfig: Adding: com.android.server.compat.config.Change@855165
02-12 03:33:39.957  1712  1712 D CompatConfig: Adding: com.android.server.compat.config.Change@ae9e3a
02-12 03:33:39.957  1712  1712 D CompatConfig: Adding: com.android.server.compat.config.Change@96b3aeb
02-12 03:33:39.959  1712  1712 D CompatConfig: Found a config file: /system/etc/compatconfig/services-platform-compat-config.xml
02-12 03:33:39.963  1712  1887 I SystemConfig: Reading permissions from /system/etc/sysconfig/framework-sysconfig.xml
02-12 03:33:39.963  1712  1712 D CompatConfig: Adding: com.android.server.compat.config.Change@3d86406
02-12 03:33:39.963  1712  1712 D CompatConfig: Adding: com.android.server.compat.config.Change@4409ac7
02-12 03:33:39.963  1712  1712 D CompatConfig: Adding: com.android.server.compat.config.Change@b94b8f4
02-12 03:33:39.963  1712  1712 D CompatConfig: Adding: com.android.server.compat.config.Change@f65481d
02-12 03:33:39.963  1712  1712 D CompatConfig: Adding: com.android.server.compat.config.Change@d86ba92
02-12 03:33:39.963  1712  1712 D CompatConfig: Adding: com.android.server.compat.config.Change@e221c63
02-12 03:33:39.963  1712  1712 D CompatConfig: Adding: com.android.server.compat.config.Change@be7060
02-12 03:33:39.964  1712  1712 D CompatConfig: Adding: com.android.server.compat.config.Change@1934919
02-12 03:33:39.964  1712  1712 D CompatConfig: Adding: com.android.server.compat.config.Change@e51edde
02-12 03:33:39.964  1712  1712 D CompatConfig: Adding: com.android.server.compat.config.Change@7101bbf
02-12 03:33:39.964  1712  1712 D CompatConfig: Adding: com.android.server.compat.config.Change@f0a328c
02-12 03:33:39.964  1712  1712 D CompatConfig: Adding: com.android.server.compat.config.Change@7065dd5
02-12 03:33:39.964  1712  1712 D CompatConfig: Adding: com.android.server.compat.config.Change@60b09ea
02-12 03:33:39.964  1712  1712 D CompatConfig: Adding: com.android.server.compat.config.Change@4b4b4db
02-12 03:33:39.964  1712  1712 D CompatConfig: Adding: com.android.server.compat.config.Change@c6deb78
02-12 03:33:39.964  1712  1712 D CompatConfig: Adding: com.android.server.compat.config.Change@f5c0251
02-12 03:33:39.964  1712  1712 D CompatConfig: Adding: com.android.server.compat.config.Change@e87dab6
02-12 03:33:39.964  1712  1712 D CompatConfig: Adding: com.android.server.compat.config.Change@33fc3b7
02-12 03:33:39.964  1712  1712 D CompatConfig: Adding: com.android.server.compat.config.Change@6524724
02-12 03:33:39.964  1712  1712 D CompatConfig: Adding: com.android.server.compat.config.Change@c8d728d
02-12 03:33:39.964  1712  1712 D CompatConfig: Adding: com.android.server.compat.config.Change@72eec42
02-12 03:33:39.964  1712  1712 D CompatConfig: Adding: com.android.server.compat.config.Change@802e453
02-12 03:33:39.964  1712  1712 D CompatConfig: Adding: com.android.server.compat.config.Change@5feb190
02-12 03:33:39.964  1712  1712 D CompatConfig: Adding: com.android.server.compat.config.Change@cebaa89
02-12 03:33:39.964  1712  1712 D CompatConfig: Adding: com.android.server.compat.config.Change@d438a8e
02-12 03:33:39.964  1712  1712 D CompatConfig: Adding: com.android.server.compat.config.Change@1cd72af
02-12 03:33:39.964  1712  1712 D CompatConfig: Adding: com.android.server.compat.config.Change@fc556bc
02-12 03:33:39.964  1712  1712 D CompatConfig: Adding: com.android.server.compat.config.Change@8db6645
02-12 03:33:39.964  1712  1712 D CompatConfig: Adding: com.android.server.compat.config.Change@cf1c19a
02-12 03:33:39.964  1712  1712 D CompatConfig: Adding: com.android.server.compat.config.Change@3088acb
02-12 03:33:39.964  1712  1712 D CompatConfig: Adding: com.android.server.compat.config.Change@8ef22a8
02-12 03:33:39.964  1712  1712 D CompatConfig: Adding: com.android.server.compat.config.Change@5121c1
02-12 03:33:39.964  1712  1712 D CompatConfig: Adding: com.android.server.compat.config.Change@71a5d66
02-12 03:33:39.964  1712  1712 D CompatConfig: Adding: com.android.server.compat.config.Change@19308a7
02-12 03:33:39.964  1712  1712 D CompatConfig: Adding: com.android.server.compat.config.Change@67c154
02-12 03:33:39.964  1712  1712 D CompatConfig: Adding: com.android.server.compat.config.Change@40d18fd
02-12 03:33:39.964  1712  1712 D CompatConfig: Adding: com.android.server.compat.config.Change@7dee9f2
02-12 03:33:39.964  1712  1712 D CompatConfig: Adding: com.android.server.compat.config.Change@85d8843
02-12 03:33:39.964  1712  1712 D CompatConfig: Adding: com.android.server.compat.config.Change@6299ec0
02-12 03:33:39.964  1712  1712 D CompatConfig: Adding: com.android.server.compat.config.Change@69747f9
02-12 03:33:39.964  1712  1712 D CompatConfig: Adding: com.android.server.compat.config.Change@9edb33e
02-12 03:33:39.964  1712  1712 D CompatConfig: Adding: com.android.server.compat.config.Change@6c6659f
02-12 03:33:39.964  1712  1712 D CompatConfig: Adding: com.android.server.compat.config.Change@d69e6ec
02-12 03:33:39.964  1712  1712 D CompatConfig: Adding: com.android.server.compat.config.Change@fb6ab5
02-12 03:33:39.964  1712  1712 D CompatConfig: Adding: com.android.server.compat.config.Change@28dc54a
02-12 03:33:39.964  1712  1712 D CompatConfig: Adding: com.android.server.compat.config.Change@9b5bcbb
02-12 03:33:39.965  1712  1712 D CompatConfig: Adding: com.android.server.compat.config.Change@58485d8
02-12 03:33:39.965  1712  1712 D CompatConfig: Adding: com.android.server.compat.config.Change@744fd31
02-12 03:33:39.965  1712  1712 D CompatConfig: Adding: com.android.server.compat.config.Change@26aec16
02-12 03:33:39.965  1712  1712 D CompatConfig: Adding: com.android.server.compat.config.Change@a796997
02-12 03:33:39.965  1712  1712 D CompatConfig: Adding: com.android.server.compat.config.Change@5a82784
02-12 03:33:39.965  1712  1712 D CompatConfig: Adding: com.android.server.compat.config.Change@8bb3b6d
02-12 03:33:39.965  1712  1712 D CompatConfig: Adding: com.android.server.compat.config.Change@721b3a2
02-12 03:33:39.965  1712  1712 D CompatConfig: Adding: com.android.server.compat.config.Change@f610833
02-12 03:33:39.965  1712  1712 D CompatConfig: Adding: com.android.server.compat.config.Change@74237f0
02-12 03:33:39.965  1712  1712 D CompatConfig: Adding: com.android.server.compat.config.Change@7dd2169
02-12 03:33:39.965  1712  1712 D CompatConfig: Adding: com.android.server.compat.config.Change@98b67ee
02-12 03:33:39.965  1712  1712 D CompatConfig: Adding: com.android.server.compat.config.Change@a19f48f
02-12 03:33:39.965  1712  1712 D CompatConfig: Adding: com.android.server.compat.config.Change@b2ae31c
02-12 03:33:39.965  1712  1712 D CompatConfig: Adding: com.android.server.compat.config.Change@61d6b25
02-12 03:33:39.965  1712  1712 D CompatConfig: Adding: com.android.server.compat.config.Change@4ca14fa
02-12 03:33:39.965  1712  1712 D CompatConfig: Adding: com.android.server.compat.config.Change@fcb4aab
02-12 03:33:39.965  1712  1712 D CompatConfig: Adding: com.android.server.compat.config.Change@5911508
02-12 03:33:39.965  1712  1712 D CompatConfig: Adding: com.android.server.compat.config.Change@f5e94a1
02-12 03:33:39.965  1712  1712 D CompatConfig: Adding: com.android.server.compat.config.Change@21486c6
02-12 03:33:39.966  1712  1712 D CompatConfig: Found a config file: /system/etc/compatconfig/contacts-provider-platform-compat-config.xml
02-12 03:33:39.966  1712  1887 I SystemConfig: Reading permissions from /system/etc/sysconfig/preinstalled-packages-com.android.providers.media.module.xml
02-12 03:33:39.970  1712  1712 D CompatConfig: Found a config file: /system/etc/compatconfig/calendar-provider-compat-config.xml
02-12 03:33:39.970  1712  1887 I SystemConfig: Reading permissions from /system/etc/sysconfig/preinstalled-packages-platform.xml
02-12 03:33:39.972  1712  1712 D CompatConfig: Adding: com.android.server.compat.config.Change@6fc6423
02-12 03:33:39.973  1712  1712 D CompatConfig: Found a config file: /system/etc/compatconfig/TeleService-platform-compat-config.xml
02-12 03:33:39.974  1712  1712 D CompatConfig: Adding: com.android.server.compat.config.Change@9c436d9
02-12 03:33:39.974  1712  1712 D CompatConfig: Adding: com.android.server.compat.config.Change@617a89e
02-12 03:33:39.974  1712  1712 D CompatConfig: Adding: com.android.server.compat.config.Change@5a71f7f
02-12 03:33:39.974  1712  1712 D CompatConfig: Adding: com.android.server.compat.config.Change@efb4b4c
02-12 03:33:39.974  1712  1712 D CompatConfig: Adding: com.android.server.compat.config.Change@ab86795
02-12 03:33:39.974  1712  1712 D CompatConfig: Adding: com.android.server.compat.config.Change@251b0aa
02-12 03:33:39.975  1712  1887 I SystemConfig: Reading permissions from /system/etc/permissions/javax.obex.xml
02-12 03:33:39.975  1712  1712 D CompatConfig: Found a config file: /system/etc/compatconfig/documents-ui-compat-config.xml
02-12 03:33:39.977  1712  1712 D CompatConfig: Adding: com.android.server.compat.config.Change@b84e811
02-12 03:33:39.978  1712  1712 D CompatConfig: Found a config file: /system/etc/compatconfig/icu4j-platform-compat-config.xml
02-12 03:33:39.981  1712  1712 D CompatConfig: Adding: com.android.server.compat.config.Change@dbb7f77
02-12 03:33:39.981  1712  1887 I SystemConfig: Reading permissions from /system/etc/permissions/android.test.runner.xml
02-12 03:33:39.983  1712  1712 D CompatConfig: Found a config file: /system/system_ext/etc/compatconfig/settings-platform-compat-config.xml
02-12 03:33:39.984  1712  1887 I SystemConfig: Reading permissions from /system/etc/permissions/com.android.future.usb.accessory.xml
02-12 03:33:39.984  1712  1712 D CompatConfig: Adding: com.android.server.compat.config.Change@2de9c13
02-12 03:33:39.988  1712  1887 I SystemConfig: Reading permissions from /system/etc/permissions/privapp_allowlist_com.android.providers.media.module.xml
02-12 03:33:39.995  1712  1887 I SystemConfig: Reading permissions from /system/etc/permissions/privapp_allowlist_com.android.adservices.api.xml
02-12 03:33:39.998  1712  1712 D ApexManagerTiming: getActiveApexInfos_noCache
02-12 03:33:40.001  1712  1887 I SystemConfig: Reading permissions from /system/etc/permissions/com.android.documentsui.xml
02-12 03:33:40.007  1712  1887 I SystemConfig: Reading permissions from /system/etc/permissions/com.android.location.provider.xml
02-12 03:33:40.014  1712  1887 I SystemConfig: Reading permissions from /system/etc/permissions/com.android.networkstack.xml
02-12 03:33:40.016  1712  1712 V ApexManagerTiming: getActiveApexInfos_noCache took to complete: 18ms
02-12 03:33:40.018  1712  1712 D CompatConfig: No directory /apex/com.android.ipsec/etc/compatconfig, skipping
02-12 03:33:40.018  1712  1712 D CompatConfig: No directory /apex/com.android.media/etc/compatconfig, skipping
02-12 03:33:40.019  1712  1712 D CompatConfig: No directory /apex/com.android.media.swcodec/etc/compatconfig, skipping
02-12 03:33:40.019  1712  1712 D CompatConfig: No directory /apex/com.android.scheduling/etc/compatconfig, skipping
02-12 03:33:40.019  1712  1712 D CompatConfig: No directory /apex/com.android.cellbroadcast/etc/compatconfig, skipping
02-12 03:33:40.020  1712  1712 D CompatConfig: Found a config file: /apex/com.android.btservices/etc/compatconfig/bluetooth-compat-config.xml
02-12 03:33:40.022  1712  1712 D CompatConfig: Adding: com.android.server.compat.config.Change@461b2ae
02-12 03:33:40.023  1712  1887 I SystemConfig: Reading permissions from /system/etc/permissions/android.software.live_wallpaper.xml
02-12 03:33:40.024  1712  1712 D CompatConfig: Found a config file: /apex/com.android.mediaprovider/etc/compatconfig/media-provider-platform-compat-config.xml
02-12 03:33:40.025  1712  1887 I SystemConfig: Reading permissions from /system/etc/permissions/android.test.base.xml
02-12 03:33:40.026  1712  1712 D CompatConfig: Adding: com.android.server.compat.config.Change@c9a4bba
02-12 03:33:40.027  1712  1712 D CompatConfig: Adding: com.android.server.compat.config.Change@ca11a6b
02-12 03:33:40.027  1712  1712 D CompatConfig: Adding: com.android.server.compat.config.Change@6709c8
02-12 03:33:40.027  1712  1712 D CompatConfig: Adding: com.android.server.compat.config.Change@98a4a61
02-12 03:33:40.027  1712  1712 D CompatConfig: Adding: com.android.server.compat.config.Change@a916986
02-12 03:33:40.027  1712  1712 D CompatConfig: Adding: com.android.server.compat.config.Change@1b4f247
02-12 03:33:40.027  1712  1712 D CompatConfig: Adding: com.android.server.compat.config.Change@5c6fa74
02-12 03:33:40.029  1712  1712 D CompatConfig: Found a config file: /apex/com.android.art/etc/compatconfig/libcore-platform-compat-config.xml
02-12 03:33:40.030  1712  1712 D CompatConfig: Adding: com.android.server.compat.config.Change@a8a9812
02-12 03:33:40.031  1712  1712 D CompatConfig: Adding: com.android.server.compat.config.Change@7446be3
02-12 03:33:40.031  1712  1712 D CompatConfig: Adding: com.android.server.compat.config.Change@59349e0
02-12 03:33:40.031  1712  1712 D CompatConfig: Adding: com.android.server.compat.config.Change@378e499
02-12 03:33:40.031  1712  1712 D CompatConfig: Adding: com.android.server.compat.config.Change@776235e
02-12 03:33:40.031  1712  1712 D CompatConfig: Adding: com.android.server.compat.config.Change@4c7e33f
02-12 03:33:40.032  1712  1712 D CompatConfig: No directory /apex/com.android.vndk.v33/etc/compatconfig, skipping
02-12 03:33:40.032  1712  1712 D CompatConfig: No directory /apex/com.android.os.statsd/etc/compatconfig, skipping
02-12 03:33:40.032  1712  1712 D CompatConfig: No directory /apex/com.android.appsearch/etc/compatconfig, skipping
02-12 03:33:40.034  1712  1712 D CompatConfig: Found a config file: /apex/com.android.wifi/etc/compatconfig/wifi-compat-config.xml
02-12 03:33:40.034  1712  1887 I SystemConfig: Reading permissions from /system/etc/permissions/android.test.mock.xml
02-12 03:33:40.035  1712  1712 D CompatConfig: Adding: com.android.server.compat.config.Change@8fd176a
02-12 03:33:40.035  1712  1712 D CompatConfig: Adding: com.android.server.compat.config.Change@6e1745b
02-12 03:33:40.036  1712  1712 D CompatConfig: No directory /apex/com.android.runtime/etc/compatconfig, skipping
02-12 03:33:40.036  1712  1712 D CompatConfig: No directory /apex/com.android.neuralnetworks/etc/compatconfig, skipping
02-12 03:33:40.038  1712  1712 D CompatConfig: Found a config file: /apex/com.android.tethering/etc/compatconfig/connectivity-platform-compat-config.xml
02-12 03:33:40.040  1712  1712 D CompatConfig: Adding: com.android.server.compat.config.Change@de98dd1
02-12 03:33:40.040  1712  1887 I SystemConfig: Reading permissions from /system/etc/permissions/privapp-permissions-platform.xml
02-12 03:33:40.041  1712  1712 D CompatConfig: No directory /apex/com.android.sdkext/etc/compatconfig, skipping
02-12 03:33:40.041  1712  1712 D CompatConfig: No directory /apex/com.android.extservices/etc/compatconfig, skipping
02-12 03:33:40.041  1712  1712 D CompatConfig: No directory /apex/com.android.adservices/etc/compatconfig, skipping
02-12 03:33:40.042  1712  1712 D CompatConfig: No directory /apex/com.android.i18n/etc/compatconfig, skipping
02-12 03:33:40.042  1712  1712 D CompatConfig: No directory /apex/com.android.uwb/etc/compatconfig, skipping
02-12 03:33:40.042  1712  1712 D CompatConfig: No directory /apex/com.android.adbd/etc/compatconfig, skipping
02-12 03:33:40.042  1712  1712 D CompatConfig: No directory /apex/com.android.permission/etc/compatconfig, skipping
02-12 03:33:40.043  1712  1712 D CompatConfig: No directory /apex/com.android.ondevicepersonalization/etc/compatconfig, skipping
02-12 03:33:40.043  1712  1712 D CompatConfig: No directory /apex/com.android.vibrator.sunfish/etc/compatconfig, skipping
02-12 03:33:40.043  1712  1712 D CompatConfig: No directory /apex/com.android.tzdata/etc/compatconfig, skipping
02-12 03:33:40.043  1712  1712 D CompatConfig: No directory /apex/com.android.apex.cts.shim/etc/compatconfig, skipping
02-12 03:33:40.043  1712  1712 D CompatConfig: No directory /apex/com.android.resolv/etc/compatconfig, skipping
02-12 03:33:40.044  1712  1712 D CompatConfig: No directory /apex/com.android.conscrypt/etc/compatconfig, skipping
02-12 03:33:40.051  1712  1712 V SystemServerTiming: PlatformCompat took to complete: 107ms
02-12 03:33:40.051  1712  1712 D SystemServerTiming: StartFileIntegrityService
02-12 03:33:40.051  1712  1712 I SystemServiceManager: Starting com.android.server.security.FileIntegrityService
02-12 03:33:40.057  1712  1712 V SystemServerTiming: StartFileIntegrityService took to complete: 6ms
02-12 03:33:40.057  1712  1712 D SystemServerTiming: StartInstaller
02-12 03:33:40.057  1712  1712 I SystemServiceManager: Starting com.android.server.pm.Installer
02-12 03:33:40.062  1712  1887 I SystemConfig: Reading permissions from /system/etc/permissions/com.android.mediadrm.signer.xml
02-12 03:33:40.066  1712  1887 I SystemConfig: Reading permissions from /system/etc/permissions/org.apache.http.legacy.xml
02-12 03:33:40.066  1712  1712 V SystemServerTiming: StartInstaller took to complete: 10ms
02-12 03:33:40.067  1712  1712 D SystemServerTiming: DeviceIdentifiersPolicyService
02-12 03:33:40.067  1712  1712 I SystemServiceManager: Starting com.android.server.os.DeviceIdentifiersPolicyService
02-12 03:33:40.067  1712  1712 V SystemServerTiming: DeviceIdentifiersPolicyService took to complete: 1ms
02-12 03:33:40.068  1712  1712 D SystemServerTiming: UriGrantsManagerService
02-12 03:33:40.068  1712  1712 I SystemServiceManager: Starting com.android.server.uri.UriGrantsManagerService$Lifecycle
02-12 03:33:40.069  1712  1887 I SystemConfig: Reading permissions from /system/etc/permissions/android.software.webview.xml
02-12 03:33:40.071  1712  1887 I SystemConfig: Reading permissions from /system/etc/permissions/com.android.media.remotedisplay.xml
02-12 03:33:40.072  1712  1712 V SystemServerTiming: UriGrantsManagerService took to complete: 4ms
02-12 03:33:40.072  1712  1712 D SystemServerTiming: StartPowerStatsService
02-12 03:33:40.072  1712  1712 I SystemServiceManager: Starting com.android.server.powerstats.PowerStatsService
02-12 03:33:40.074  1712  1887 I SystemConfig: Reading permissions from /system/etc/permissions/com.android.nfc_extras.xml
02-12 03:33:40.076  1712  1887 I SystemConfig: Reading permissions from /system/etc/permissions/com.android.intentresolver.xml
02-12 03:33:40.080  1712  1887 I SystemConfig: Reading permissions from /system/etc/permissions/platform.xml
02-12 03:33:40.088  1712  1712 V SystemServerTiming: StartPowerStatsService took to complete: 16ms
02-12 03:33:40.088  1712  1712 D SystemServerTiming: StartIStatsService
02-12 03:33:40.090  1712  1887 I SystemConfig: Reading permissions from /vendor/etc/sysconfig/component-overrides.xml
02-12 03:33:40.093  1712  1712 V SystemServerTiming: StartIStatsService took to complete: 5ms
02-12 03:33:40.093  1712  1712 D SystemServerTiming: MemtrackProxyService
02-12 03:33:40.094  1712  1887 I SystemConfig: Reading permissions from /vendor/etc/permissions/android.software.midi.xml
02-12 03:33:40.096  1712  1887 I SystemConfig: Reading permissions from /vendor/etc/permissions/android.hardware.camera.raw.xml
02-12 03:33:40.098  1712  1712 V SystemServerTiming: MemtrackProxyService took to complete: 5ms
02-12 03:33:40.098  1712  1712 D SystemServerTiming: StartActivityManager
02-12 03:33:40.098  1712  1887 I SystemConfig: Reading permissions from /vendor/etc/permissions/android.hardware.se.omapi.uicc.xml
02-12 03:33:40.098  1712  1712 I SystemServiceManager: Starting com.android.server.wm.ActivityTaskManagerService$Lifecycle
02-12 03:33:40.100  1712  1887 I SystemConfig: Reading permissions from /vendor/etc/permissions/android.hardware.telephony.carrierlock.xml
02-12 03:33:40.103  1712  1887 I SystemConfig: Reading permissions from /vendor/etc/permissions/android.hardware.sensor.accelerometer.xml
02-12 03:33:40.104  1712  1887 I SystemConfig: Reading permissions from /vendor/etc/permissions/android.hardware.vulkan.compute.xml
02-12 03:33:40.106  1712  1887 I SystemConfig: Reading permissions from /vendor/etc/permissions/com.nxp.mifare.xml
02-12 03:33:40.108  1712  1887 I SystemConfig: Reading permissions from /vendor/etc/permissions/android.hardware.nfc.xml
02-12 03:33:40.111  1712  1887 I SystemConfig: Reading permissions from /vendor/etc/permissions/com.google.android.camera.experimental2020_midyear.xml
02-12 03:33:40.114  1712  1887 I SystemConfig: Reading permissions from /vendor/etc/permissions/android.hardware.nfc.uicc.xml
02-12 03:33:40.117  1712  1887 I SystemConfig: Reading permissions from /vendor/etc/permissions/android.hardware.sensor.hifi_sensors.xml
02-12 03:33:40.117  1712  1712 I SystemServiceManager: Starting com.android.server.am.ActivityManagerService$Lifecycle
02-12 03:33:40.118  1712  1887 I SystemConfig: Reading permissions from /vendor/etc/permissions/android.hardware.sensor.stepcounter.xml
02-12 03:33:40.121  1712  1887 I SystemConfig: Reading permissions from /vendor/etc/permissions/android.hardware.wifi.xml
02-12 03:33:40.124  1712  1887 I SystemConfig: Reading permissions from /vendor/etc/permissions/android.hardware.reboot_escrow.xml
02-12 03:33:40.127  1712  1887 I SystemConfig: Reading permissions from /vendor/etc/permissions/android.hardware.fingerprint.xml
02-12 03:33:40.129  1712  1887 I SystemConfig: Reading permissions from /vendor/etc/permissions/android.hardware.context_hub.xml
02-12 03:33:40.129  1712  1712 I ActivityManager: Memory class: 256
02-12 03:33:40.131  1712  1887 I SystemConfig: Reading permissions from /vendor/etc/permissions/android.hardware.sensor.compass.xml
02-12 03:33:40.133  1712  1887 I SystemConfig: Reading permissions from /vendor/etc/permissions/android.hardware.wifi.rtt.xml
02-12 03:33:40.136  1712  1887 I SystemConfig: Reading permissions from /vendor/etc/permissions/android.hardware.vulkan.version.xml
02-12 03:33:40.137  1712  1899 I Binder  : Setting heavy hitter watcher config: false, 0, 0.0
02-12 03:33:40.138  1712  1887 I SystemConfig: Reading permissions from /vendor/etc/permissions/android.hardware.se.omapi.ese.xml
02-12 03:33:40.140  1712  1887 I SystemConfig: Reading permissions from /vendor/etc/permissions/android.hardware.telephony.cdma.xml
02-12 03:33:40.142  1712  1887 I SystemConfig: Reading permissions from /vendor/etc/permissions/android.hardware.sensor.barometer.xml
02-12 03:33:40.144  1712  1887 I SystemConfig: Reading permissions from /vendor/etc/permissions/android.hardware.vulkan.level.xml
02-12 03:33:40.147  1712  1887 I SystemConfig: Reading permissions from /vendor/etc/permissions/android.software.vulkan.deqp.level.xml
02-12 03:33:40.150  1712  1887 I SystemConfig: Reading permissions from /vendor/etc/permissions/handheld_core_hardware.xml
02-12 03:33:40.152  1712  1887 I SystemConfig: Reading permissions from /vendor/etc/permissions/android.hardware.wifi.direct.xml
02-12 03:33:40.154  1712  1887 I SystemConfig: Reading permissions from /vendor/etc/permissions/android.hardware.location.gps.xml
02-12 03:33:40.156  1712  1887 I SystemConfig: Reading permissions from /vendor/etc/permissions/android.hardware.usb.accessory.xml
02-12 03:33:40.158  1712  1887 I SystemConfig: Reading permissions from /vendor/etc/permissions/android.software.ipsec_tunnels.xml
02-12 03:33:40.160  1712  1887 I SystemConfig: Reading permissions from /vendor/etc/permissions/android.hardware.audio.low_latency.xml
02-12 03:33:40.161  1712  1887 I SystemConfig: Reading permissions from /vendor/etc/permissions/android.software.device_id_attestation.xml
02-12 03:33:40.163  1712  1887 I SystemConfig: Reading permissions from /vendor/etc/permissions/android.hardware.device_unique_attestation.xml
02-12 03:33:40.165  1712  1887 I SystemConfig: Reading permissions from /vendor/etc/permissions/android.hardware.sensor.light.xml
02-12 03:33:40.167  1712  1887 I SystemConfig: Reading permissions from /vendor/etc/permissions/android.hardware.usb.host.xml
02-12 03:33:40.169  1712  1887 I SystemConfig: Reading permissions from /vendor/etc/permissions/android.hardware.bluetooth_le.xml
02-12 03:33:40.171  1712  1887 I SystemConfig: Reading permissions from /vendor/etc/permissions/android.hardware.telephony.ims.xml
02-12 03:33:40.173  1712  1887 I SystemConfig: Reading permissions from /vendor/etc/permissions/android.hardware.sensor.gyroscope.xml
02-12 03:33:40.176  1712  1887 I SystemConfig: Reading permissions from /vendor/etc/permissions/android.software.opengles.deqp.level.xml
02-12 03:33:40.179  1712  1887 I SystemConfig: Reading permissions from /vendor/etc/permissions/android.hardware.camera.flash-autofocus.xml
02-12 03:33:40.181  1712  1887 I SystemConfig: Reading permissions from /vendor/etc/permissions/android.hardware.camera.front.xml
02-12 03:33:40.184  1712  1887 I SystemConfig: Reading permissions from /vendor/etc/permissions/android.hardware.telephony.gsm.xml
02-12 03:33:40.186  1712  1887 I SystemConfig: Reading permissions from /vendor/etc/permissions/android.software.verified_boot.xml
02-12 03:33:40.189  1712  1887 I SystemConfig: Reading permissions from /vendor/etc/permissions/android.hardware.camera.full.xml
02-12 03:33:40.192  1712  1887 I SystemConfig: Reading permissions from /vendor/etc/permissions/android.hardware.sensor.stepdetector.xml
